******************************************************************************
                  TI ARM Linker PC v20.2.2                     
******************************************************************************
>> Linked Thu Apr 22 08:16:31 2021

OUTPUT FILE NAME:   <Test2.out>
ENTRY POINT SYMBOL: "_c_int00_noargs"  address: 000007d5


MEMORY CONFIGURATION

         name            origin    length      used     unused   attr    fill
----------------------  --------  ---------  --------  --------  ----  --------
  FLASH                 00000000   00040000  00000900  0003f700  R  X
  SRAM                  20000000   00008000  00000201  00007dff  RW X


SEGMENT ALLOCATION MAP

run origin  load origin   length   init length attrs members
----------  ----------- ---------- ----------- ----- -------
00000000    00000000    00000900   00000900    r-x
  00000000    00000000    0000026c   0000026c    r-- .intvecs
  0000026c    0000026c    00000610   00000610    r-x .text
  0000087c    0000087c    0000006c   0000006c    r-- .const
  000008e8    000008e8    00000018   00000018    r-- .cinit
20000000    20000000    00000201   00000000    rw-
  20000000    20000000    00000200   00000000    rw- .stack
  20000200    20000200    00000001   00000000    rw- .data


SECTION ALLOCATION MAP

 output                                  attributes/
section   page    origin      length       input sections
--------  ----  ----------  ----------   ----------------
.intvecs   0    00000000    0000026c     
                  00000000    0000026c     tm4c123gh6pm_startup_ccs.obj (.intvecs)

.text      0    0000026c    00000610     
                  0000026c    0000016c     driverlib.lib : gpio.obj (.text:GPIOPadConfigSet)
                  000003d8    00000118                   : sysctl.obj (.text:SysCtlClockGet)
                  000004f0    000000f4                   : sysctl.obj (.text:SysCtlClockSet)
                  000005e4    0000009c     rtsv7M4_T_le_v4SPD16_eabi.lib : memcpy_t2.asm.obj (.text)
                  00000680    00000074     main.obj (.text)
                  000006f4    00000068     rtsv7M4_T_le_v4SPD16_eabi.lib : copy_decompress_lzss.c.obj (.text:decompress:lzss:__TI_decompress_lzss)
                  0000075c    00000044                                   : autoinit.c.obj (.text:__TI_auto_init_nobinit_nopinit:__TI_auto_init_nobinit_nopinit)
                  000007a0    00000034     driverlib.lib : sysctl.obj (.text:SysCtlPeripheralEnable)
                  000007d4    00000034     rtsv7M4_T_le_v4SPD16_eabi.lib : boot_cortex_m.c.obj (.text:_c_int00_noargs:_c_int00_noargs)
                  00000808    0000002c     driverlib.lib : gpio.obj (.text:GPIODirModeSet)
                  00000834    0000001a                   : gpio.obj (.text:GPIOPinTypeGPIOOutput)
                  0000084e    0000000e     rtsv7M4_T_le_v4SPD16_eabi.lib : copy_decompress_none.c.obj (.text:decompress:none:__TI_decompress_none)
                  0000085c    0000000c     tm4c123gh6pm_startup_ccs.obj (.text)
                  00000868    00000006     driverlib.lib : gpio.obj (.text:GPIOPinWrite)
                  0000086e    00000006                   : sysctl.obj (.text:SysCtlDelay)
                  00000874    00000004     rtsv7M4_T_le_v4SPD16_eabi.lib : pre_init.c.obj (.text:_system_pre_init)
                  00000878    00000004                                   : exit.c.obj (.text:abort:abort)

.const     0    0000087c    0000006c     
                  0000087c    0000006c     driverlib.lib : sysctl.obj (.const:g_pui32Xtals)

.cinit     0    000008e8    00000018     
                  000008e8    00000008     (__TI_handler_table)
                  000008f0    00000005     (.cinit..data.load) [load image, compression = lzss]
                  000008f5    00000003     --HOLE-- [fill = 0]
                  000008f8    00000008     (__TI_cinit_table)

.init_array 
*          0    00000000    00000000     UNINITIALIZED

.data      0    20000200    00000001     UNINITIALIZED
                  20000200    00000001     main.obj (.data)

.stack     0    20000000    00000200     UNINITIALIZED
                  20000000    00000004     rtsv7M4_T_le_v4SPD16_eabi.lib : boot_cortex_m.c.obj (.stack)
                  20000004    000001fc     --HOLE--

__llvm_prf_cnts 
*          0    20000000    00000000     UNINITIALIZED

MODULE SUMMARY

       Module                         code   ro data   rw data
       ------                         ----   -------   -------
    .\
       tm4c123gh6pm_startup_ccs.obj   12     620       0      
       main.obj                       116    0         1      
    +--+------------------------------+------+---------+---------+
       Total:                         128    620       1      
                                                              
    C:/ti/TivaWare_C_Series-2.2.0.295/driverlib/ccs/Debug/driverlib.lib
       sysctl.obj                     582    108       0      
       gpio.obj                       440    0         0      
    +--+------------------------------+------+---------+---------+
       Total:                         1022   108       0      
                                                              
    C:\ti\ccs1020\ccs\tools\compiler\ti-cgt-arm_20.2.2.LTS\lib\rtsv7M4_T_le_v4SPD16_eabi.lib
       memcpy_t2.asm.obj              156    0         0      
       copy_decompress_lzss.c.obj     104    0         0      
       autoinit.c.obj                 68     0         0      
       boot_cortex_m.c.obj            52     0         0      
       copy_decompress_none.c.obj     14     0         0      
       exit.c.obj                     4      0         0      
       pre_init.c.obj                 4      0         0      
    +--+------------------------------+------+---------+---------+
       Total:                         402    0         0      
                                                              
       Stack:                         0      0         512    
       Linker Generated:              0      21        0      
    +--+------------------------------+------+---------+---------+
       Grand Total:                   1552   749       513    


LINKER GENERATED COPY TABLES

__TI_cinit_table @ 000008f8 records: 1, size/record: 8, table size: 8
	.data: load addr=000008f0, load size=00000005 bytes, run addr=20000200, run size=00000001 bytes, compression=lzss


LINKER GENERATED HANDLER TABLE

__TI_handler_table @ 000008e8 records: 2, size/record: 4, table size: 8
	index: 0, handler: __TI_decompress_lzss
	index: 1, handler: __TI_decompress_none


GLOBAL SYMBOLS: SORTED ALPHABETICALLY BY Name 

address   name                          
-------   ----                          
00000879  C$$EXIT                       
00000809  GPIODirModeSet                
0000026d  GPIOPadConfigSet              
00000835  GPIOPinTypeGPIOOutput         
00000869  GPIOPinWrite                  
0000085d  ResetISR                      
000003d9  SysCtlClockGet                
000004f1  SysCtlClockSet                
0000086f  SysCtlDelay                   
000007a1  SysCtlPeripheralEnable        
20000200  __STACK_END                   
00000200  __STACK_SIZE                  
20000200  __STACK_TOP                   
000008f8  __TI_CINIT_Base               
00000900  __TI_CINIT_Limit              
000008e8  __TI_Handler_Table_Base       
000008f0  __TI_Handler_Table_Limit      
0000075d  __TI_auto_init_nobinit_nopinit
000006f5  __TI_decompress_lzss          
0000084f  __TI_decompress_none          
ffffffff  __TI_pprof_out_hndl           
ffffffff  __TI_prof_data_size           
ffffffff  __TI_prof_data_start          
00000000  __TI_static_base__            
000005e5  __aeabi_memcpy                
000005e5  __aeabi_memcpy4               
000005e5  __aeabi_memcpy8               
ffffffff  __binit__                     
ffffffff  __c_args__                    
UNDEFED   __mpu_init                    
20000000  __stack                       
20000000  __start___llvm_prf_cnts       
20000000  __stop___llvm_prf_cnts        
000007d5  _c_int00_noargs               
UNDEFED   _system_post_cinit            
00000875  _system_pre_init              
00000879  abort                         
ffffffff  binit                         
00000000  g_pfnVectors                  
00000681  main                          
000005e5  memcpy                        
20000200  ui8PinData                    


GLOBAL SYMBOLS: SORTED BY Symbol Address 

address   name                          
-------   ----                          
00000000  __TI_static_base__            
00000000  g_pfnVectors                  
00000200  __STACK_SIZE                  
0000026d  GPIOPadConfigSet              
000003d9  SysCtlClockGet                
000004f1  SysCtlClockSet                
000005e5  __aeabi_memcpy                
000005e5  __aeabi_memcpy4               
000005e5  __aeabi_memcpy8               
000005e5  memcpy                        
00000681  main                          
000006f5  __TI_decompress_lzss          
0000075d  __TI_auto_init_nobinit_nopinit
000007a1  SysCtlPeripheralEnable        
000007d5  _c_int00_noargs               
00000809  GPIODirModeSet                
00000835  GPIOPinTypeGPIOOutput         
0000084f  __TI_decompress_none          
0000085d  ResetISR                      
00000869  GPIOPinWrite                  
0000086f  SysCtlDelay                   
00000875  _system_pre_init              
00000879  C$$EXIT                       
00000879  abort                         
000008e8  __TI_Handler_Table_Base       
000008f0  __TI_Handler_Table_Limit      
000008f8  __TI_CINIT_Base               
00000900  __TI_CINIT_Limit              
20000000  __stack                       
20000000  __start___llvm_prf_cnts       
20000000  __stop___llvm_prf_cnts        
20000200  __STACK_END                   
20000200  __STACK_TOP                   
20000200  ui8PinData                    
ffffffff  __TI_pprof_out_hndl           
ffffffff  __TI_prof_data_size           
ffffffff  __TI_prof_data_start          
ffffffff  __binit__                     
ffffffff  __c_args__                    
ffffffff  binit                         
UNDEFED   __mpu_init                    
UNDEFED   _system_post_cinit            

[42 symbols]
