Archive member included to satisfy reference by file (symbol)

C:/ti/TivaWare_C_Series-2.2.0.295/driverlib/gcc/libdriver.a(sysctl.o)
                              ./drivers/rgb.o (SysCtlClockGet)
C:/ti/TivaWare_C_Series-2.2.0.295/driverlib/gcc/libdriver.a(uart.o)
                              ./freertos_demo.o (UARTClockSourceSet)
C:/ti/TivaWare_C_Series-2.2.0.295/driverlib/gcc/libdriver.a(cpu.o)
                              C:/ti/TivaWare_C_Series-2.2.0.295/driverlib/gcc/libdriver.a(sysctl.o) (CPUwfi)
C:/ti/TivaWare_C_Series-2.2.0.295/driverlib/gcc/libdriver.a(interrupt.o)
                              C:/ti/TivaWare_C_Series-2.2.0.295/driverlib/gcc/libdriver.a(sysctl.o) (IntRegister)
c:/ti/ccs1020/ccs/tools/compiler/gcc-arm-none-eabi-7-2017-q4-major-win32/bin/../lib/gcc/arm-none-eabi/7.2.1/thumb/v7e-m/fpv4-sp/hard\libgcc.a(_fixunssfdi.o)
                              ./drivers/rgb.o (__aeabi_f2ulz)
c:/ti/ccs1020/ccs/tools/compiler/gcc-arm-none-eabi-7-2017-q4-major-win32/bin/../lib/gcc/arm-none-eabi/7.2.1/thumb/v7e-m/fpv4-sp/hard\libgcc.a(_arm_addsubdf3.o)
                              c:/ti/ccs1020/ccs/tools/compiler/gcc-arm-none-eabi-7-2017-q4-major-win32/bin/../lib/gcc/arm-none-eabi/7.2.1/thumb/v7e-m/fpv4-sp/hard\libgcc.a(_fixunssfdi.o) (__aeabi_dsub)
c:/ti/ccs1020/ccs/tools/compiler/gcc-arm-none-eabi-7-2017-q4-major-win32/bin/../lib/gcc/arm-none-eabi/7.2.1/thumb/v7e-m/fpv4-sp/hard\libgcc.a(_arm_muldivdf3.o)
                              c:/ti/ccs1020/ccs/tools/compiler/gcc-arm-none-eabi-7-2017-q4-major-win32/bin/../lib/gcc/arm-none-eabi/7.2.1/thumb/v7e-m/fpv4-sp/hard\libgcc.a(_fixunssfdi.o) (__aeabi_dmul)
c:/ti/ccs1020/ccs/tools/compiler/gcc-arm-none-eabi-7-2017-q4-major-win32/bin/../lib/gcc/arm-none-eabi/7.2.1/thumb/v7e-m/fpv4-sp/hard\libgcc.a(_arm_fixunsdfsi.o)
                              c:/ti/ccs1020/ccs/tools/compiler/gcc-arm-none-eabi-7-2017-q4-major-win32/bin/../lib/gcc/arm-none-eabi/7.2.1/thumb/v7e-m/fpv4-sp/hard\libgcc.a(_fixunssfdi.o) (__aeabi_d2uiz)
c:/ti/ccs1020/ccs/tools/compiler/gcc-arm-none-eabi-7-2017-q4-major-win32/bin/../lib/gcc/arm-none-eabi/7.2.1/../../../../arm-none-eabi/lib/thumb/v7e-m/fpv4-sp/hard\libg.a(lib_a-exit.o)
                              c:/ti/ccs1020/ccs/tools/compiler/gcc-arm-none-eabi-7-2017-q4-major-win32/bin/../lib/gcc/arm-none-eabi/7.2.1/../../../../arm-none-eabi/lib/thumb/v7e-m/fpv4-sp/hard/crt0.o (exit)
c:/ti/ccs1020/ccs/tools/compiler/gcc-arm-none-eabi-7-2017-q4-major-win32/bin/../lib/gcc/arm-none-eabi/7.2.1/../../../../arm-none-eabi/lib/thumb/v7e-m/fpv4-sp/hard\libg.a(lib_a-impure.o)
                              c:/ti/ccs1020/ccs/tools/compiler/gcc-arm-none-eabi-7-2017-q4-major-win32/bin/../lib/gcc/arm-none-eabi/7.2.1/../../../../arm-none-eabi/lib/thumb/v7e-m/fpv4-sp/hard\libg.a(lib_a-exit.o) (_global_impure_ptr)
c:/ti/ccs1020/ccs/tools/compiler/gcc-arm-none-eabi-7-2017-q4-major-win32/bin/../lib/gcc/arm-none-eabi/7.2.1/../../../../arm-none-eabi/lib/thumb/v7e-m/fpv4-sp/hard\libg.a(lib_a-init.o)
                              c:/ti/ccs1020/ccs/tools/compiler/gcc-arm-none-eabi-7-2017-q4-major-win32/bin/../lib/gcc/arm-none-eabi/7.2.1/../../../../arm-none-eabi/lib/thumb/v7e-m/fpv4-sp/hard/crt0.o (__libc_init_array)
c:/ti/ccs1020/ccs/tools/compiler/gcc-arm-none-eabi-7-2017-q4-major-win32/bin/../lib/gcc/arm-none-eabi/7.2.1/../../../../arm-none-eabi/lib/thumb/v7e-m/fpv4-sp/hard\libg.a(lib_a-memcpy.o)
                              ./queue.o (memcpy)
c:/ti/ccs1020/ccs/tools/compiler/gcc-arm-none-eabi-7-2017-q4-major-win32/bin/../lib/gcc/arm-none-eabi/7.2.1/../../../../arm-none-eabi/lib/thumb/v7e-m/fpv4-sp/hard\libg.a(lib_a-memset.o)
                              c:/ti/ccs1020/ccs/tools/compiler/gcc-arm-none-eabi-7-2017-q4-major-win32/bin/../lib/gcc/arm-none-eabi/7.2.1/../../../../arm-none-eabi/lib/thumb/v7e-m/fpv4-sp/hard/crt0.o (memset)
c:/ti/ccs1020/ccs/tools/compiler/gcc-arm-none-eabi-7-2017-q4-major-win32/bin/../lib/gcc/arm-none-eabi/7.2.1/../../../../arm-none-eabi/lib/thumb/v7e-m/fpv4-sp/hard\libg.a(lib_a-__call_atexit.o)
                              c:/ti/ccs1020/ccs/tools/compiler/gcc-arm-none-eabi-7-2017-q4-major-win32/bin/../lib/gcc/arm-none-eabi/7.2.1/../../../../arm-none-eabi/lib/thumb/v7e-m/fpv4-sp/hard\libg.a(lib_a-exit.o) (__call_exitprocs)
c:/ti/ccs1020/ccs/tools/compiler/gcc-arm-none-eabi-7-2017-q4-major-win32/bin/../lib/gcc/arm-none-eabi/7.2.1/../../../../arm-none-eabi/lib/thumb/v7e-m/fpv4-sp/hard\libg.a(lib_a-atexit.o)
                              c:/ti/ccs1020/ccs/tools/compiler/gcc-arm-none-eabi-7-2017-q4-major-win32/bin/../lib/gcc/arm-none-eabi/7.2.1/../../../../arm-none-eabi/lib/thumb/v7e-m/fpv4-sp/hard\libg.a(lib_a-__call_atexit.o) (atexit)
c:/ti/ccs1020/ccs/tools/compiler/gcc-arm-none-eabi-7-2017-q4-major-win32/bin/../lib/gcc/arm-none-eabi/7.2.1/../../../../arm-none-eabi/lib/thumb/v7e-m/fpv4-sp/hard\libg.a(lib_a-fini.o)
                              c:/ti/ccs1020/ccs/tools/compiler/gcc-arm-none-eabi-7-2017-q4-major-win32/bin/../lib/gcc/arm-none-eabi/7.2.1/../../../../arm-none-eabi/lib/thumb/v7e-m/fpv4-sp/hard\libg.a(lib_a-__call_atexit.o) (__libc_fini_array)
c:/ti/ccs1020/ccs/tools/compiler/gcc-arm-none-eabi-7-2017-q4-major-win32/bin/../lib/gcc/arm-none-eabi/7.2.1/../../../../arm-none-eabi/lib/thumb/v7e-m/fpv4-sp/hard\libg.a(lib_a-lock.o)
                              c:/ti/ccs1020/ccs/tools/compiler/gcc-arm-none-eabi-7-2017-q4-major-win32/bin/../lib/gcc/arm-none-eabi/7.2.1/../../../../arm-none-eabi/lib/thumb/v7e-m/fpv4-sp/hard\libg.a(lib_a-__call_atexit.o) (__retarget_lock_acquire_recursive)
c:/ti/ccs1020/ccs/tools/compiler/gcc-arm-none-eabi-7-2017-q4-major-win32/bin/../lib/gcc/arm-none-eabi/7.2.1/../../../../arm-none-eabi/lib/thumb/v7e-m/fpv4-sp/hard\libg.a(lib_a-__atexit.o)
                              c:/ti/ccs1020/ccs/tools/compiler/gcc-arm-none-eabi-7-2017-q4-major-win32/bin/../lib/gcc/arm-none-eabi/7.2.1/../../../../arm-none-eabi/lib/thumb/v7e-m/fpv4-sp/hard\libg.a(lib_a-atexit.o) (__register_exitproc)
c:/ti/ccs1020/ccs/tools/compiler/gcc-arm-none-eabi-7-2017-q4-major-win32/bin/../lib/gcc/arm-none-eabi/7.2.1/../../../../arm-none-eabi/lib/thumb/v7e-m/fpv4-sp/hard\libnosys.a(_exit.o)
                              c:/ti/ccs1020/ccs/tools/compiler/gcc-arm-none-eabi-7-2017-q4-major-win32/bin/../lib/gcc/arm-none-eabi/7.2.1/../../../../arm-none-eabi/lib/thumb/v7e-m/fpv4-sp/hard\libg.a(lib_a-exit.o) (_exit)

Allocating common symbols
Common symbol       size              file

g_pLEDQueue         0x4               ./led_task.o
__lock___atexit_recursive_mutex
                    0x1               c:/ti/ccs1020/ccs/tools/compiler/gcc-arm-none-eabi-7-2017-q4-major-win32/bin/../lib/gcc/arm-none-eabi/7.2.1/../../../../arm-none-eabi/lib/thumb/v7e-m/fpv4-sp/hard\libg.a(lib_a-lock.o)
__lock___arc4random_mutex
                    0x1               c:/ti/ccs1020/ccs/tools/compiler/gcc-arm-none-eabi-7-2017-q4-major-win32/bin/../lib/gcc/arm-none-eabi/7.2.1/../../../../arm-none-eabi/lib/thumb/v7e-m/fpv4-sp/hard\libg.a(lib_a-lock.o)
__lock___env_recursive_mutex
                    0x1               c:/ti/ccs1020/ccs/tools/compiler/gcc-arm-none-eabi-7-2017-q4-major-win32/bin/../lib/gcc/arm-none-eabi/7.2.1/../../../../arm-none-eabi/lib/thumb/v7e-m/fpv4-sp/hard\libg.a(lib_a-lock.o)
__lock___sinit_recursive_mutex
                    0x1               c:/ti/ccs1020/ccs/tools/compiler/gcc-arm-none-eabi-7-2017-q4-major-win32/bin/../lib/gcc/arm-none-eabi/7.2.1/../../../../arm-none-eabi/lib/thumb/v7e-m/fpv4-sp/hard\libg.a(lib_a-lock.o)
__lock___malloc_recursive_mutex
                    0x1               c:/ti/ccs1020/ccs/tools/compiler/gcc-arm-none-eabi-7-2017-q4-major-win32/bin/../lib/gcc/arm-none-eabi/7.2.1/../../../../arm-none-eabi/lib/thumb/v7e-m/fpv4-sp/hard\libg.a(lib_a-lock.o)
g_pUARTSemaphore    0x4               ./freertos_demo.o
__lock___at_quick_exit_mutex
                    0x1               c:/ti/ccs1020/ccs/tools/compiler/gcc-arm-none-eabi-7-2017-q4-major-win32/bin/../lib/gcc/arm-none-eabi/7.2.1/../../../../arm-none-eabi/lib/thumb/v7e-m/fpv4-sp/hard\libg.a(lib_a-lock.o)
__lock___dd_hash_mutex
                    0x1               c:/ti/ccs1020/ccs/tools/compiler/gcc-arm-none-eabi-7-2017-q4-major-win32/bin/../lib/gcc/arm-none-eabi/7.2.1/../../../../arm-none-eabi/lib/thumb/v7e-m/fpv4-sp/hard\libg.a(lib_a-lock.o)
__lock___tz_mutex   0x1               c:/ti/ccs1020/ccs/tools/compiler/gcc-arm-none-eabi-7-2017-q4-major-win32/bin/../lib/gcc/arm-none-eabi/7.2.1/../../../../arm-none-eabi/lib/thumb/v7e-m/fpv4-sp/hard\libg.a(lib_a-lock.o)
__lock___sfp_recursive_mutex
                    0x1               c:/ti/ccs1020/ccs/tools/compiler/gcc-arm-none-eabi-7-2017-q4-major-win32/bin/../lib/gcc/arm-none-eabi/7.2.1/../../../../arm-none-eabi/lib/thumb/v7e-m/fpv4-sp/hard\libg.a(lib_a-lock.o)

Discarded input sections

 .text          0x00000000        0x0 c:/ti/ccs1020/ccs/tools/compiler/gcc-arm-none-eabi-7-2017-q4-major-win32/bin/../lib/gcc/arm-none-eabi/7.2.1/thumb/v7e-m/fpv4-sp/hard/crti.o
 .data          0x00000000        0x0 c:/ti/ccs1020/ccs/tools/compiler/gcc-arm-none-eabi-7-2017-q4-major-win32/bin/../lib/gcc/arm-none-eabi/7.2.1/thumb/v7e-m/fpv4-sp/hard/crti.o
 .bss           0x00000000        0x0 c:/ti/ccs1020/ccs/tools/compiler/gcc-arm-none-eabi-7-2017-q4-major-win32/bin/../lib/gcc/arm-none-eabi/7.2.1/thumb/v7e-m/fpv4-sp/hard/crti.o
 .data          0x00000000        0x4 c:/ti/ccs1020/ccs/tools/compiler/gcc-arm-none-eabi-7-2017-q4-major-win32/bin/../lib/gcc/arm-none-eabi/7.2.1/thumb/v7e-m/fpv4-sp/hard/crtbegin.o
 .fini_array    0x00000000        0x4 c:/ti/ccs1020/ccs/tools/compiler/gcc-arm-none-eabi-7-2017-q4-major-win32/bin/../lib/gcc/arm-none-eabi/7.2.1/thumb/v7e-m/fpv4-sp/hard/crtbegin.o
 .text          0x00000000       0x74 c:/ti/ccs1020/ccs/tools/compiler/gcc-arm-none-eabi-7-2017-q4-major-win32/bin/../lib/gcc/arm-none-eabi/7.2.1/../../../../arm-none-eabi/lib/thumb/v7e-m/fpv4-sp/hard/crt0.o
 .data          0x00000000        0x0 c:/ti/ccs1020/ccs/tools/compiler/gcc-arm-none-eabi-7-2017-q4-major-win32/bin/../lib/gcc/arm-none-eabi/7.2.1/../../../../arm-none-eabi/lib/thumb/v7e-m/fpv4-sp/hard/crt0.o
 .bss           0x00000000        0x0 c:/ti/ccs1020/ccs/tools/compiler/gcc-arm-none-eabi-7-2017-q4-major-win32/bin/../lib/gcc/arm-none-eabi/7.2.1/../../../../arm-none-eabi/lib/thumb/v7e-m/fpv4-sp/hard/crt0.o
 .ARM.extab     0x00000000        0x0 c:/ti/ccs1020/ccs/tools/compiler/gcc-arm-none-eabi-7-2017-q4-major-win32/bin/../lib/gcc/arm-none-eabi/7.2.1/../../../../arm-none-eabi/lib/thumb/v7e-m/fpv4-sp/hard/crt0.o
 .ARM.exidx     0x00000000        0x8 c:/ti/ccs1020/ccs/tools/compiler/gcc-arm-none-eabi-7-2017-q4-major-win32/bin/../lib/gcc/arm-none-eabi/7.2.1/../../../../arm-none-eabi/lib/thumb/v7e-m/fpv4-sp/hard/crt0.o
 .ARM.attributes
                0x00000000       0x20 c:/ti/ccs1020/ccs/tools/compiler/gcc-arm-none-eabi-7-2017-q4-major-win32/bin/../lib/gcc/arm-none-eabi/7.2.1/../../../../arm-none-eabi/lib/thumb/v7e-m/fpv4-sp/hard/crt0.o
 .text          0x00000000        0x0 ./croutine.o
 .data          0x00000000        0x0 ./croutine.o
 .bss           0x00000000        0x0 ./croutine.o
 .debug_info    0x00000000       0x72 ./croutine.o
 .debug_abbrev  0x00000000       0x26 ./croutine.o
 .debug_aranges
                0x00000000       0x18 ./croutine.o
 .debug_line    0x00000000       0x1d ./croutine.o
 .debug_str     0x00000000      0x1bc ./croutine.o
 .comment       0x00000000       0x7f ./croutine.o
 .ARM.attributes
                0x00000000       0x39 ./croutine.o
 .text          0x00000000        0x0 ./event_groups.o
 .data          0x00000000        0x0 ./event_groups.o
 .bss           0x00000000        0x0 ./event_groups.o
 .text.xEventGroupCreate
                0x00000000       0x1a ./event_groups.o
 .text.xEventGroupWaitBits
                0x00000000      0x114 ./event_groups.o
 .text.xEventGroupClearBits
                0x00000000       0x46 ./event_groups.o
 .text.xEventGroupGetBitsFromISR
                0x00000000       0x1c ./event_groups.o
 .text.xEventGroupSetBits
                0x00000000       0x86 ./event_groups.o
 .text.xEventGroupSync
                0x00000000       0xd0 ./event_groups.o
 .text.vEventGroupDelete
                0x00000000       0x40 ./event_groups.o
 .text.vEventGroupSetBitsCallback
                0x00000000        0x4 ./event_groups.o
 .text.vEventGroupClearBitsCallback
                0x00000000        0x4 ./event_groups.o
 .debug_info    0x00000000     0x11d7 ./event_groups.o
 .debug_abbrev  0x00000000      0x376 ./event_groups.o
 .debug_loc     0x00000000      0x59d ./event_groups.o
 .debug_aranges
                0x00000000       0x60 ./event_groups.o
 .debug_ranges  0x00000000       0xb8 ./event_groups.o
 .debug_line    0x00000000      0x482 ./event_groups.o
 .debug_str     0x00000000      0x975 ./event_groups.o
 .comment       0x00000000       0x7f ./event_groups.o
 .debug_frame   0x00000000      0x100 ./event_groups.o
 .ARM.attributes
                0x00000000       0x39 ./event_groups.o
 .text          0x00000000        0x0 ./freertos_demo.o
 .data          0x00000000        0x0 ./freertos_demo.o
 .bss           0x00000000        0x0 ./freertos_demo.o
 .text          0x00000000        0x0 ./led_task.o
 .data          0x00000000        0x0 ./led_task.o
 .bss           0x00000000        0x0 ./led_task.o
 .text          0x00000000        0x0 ./list.o
 .data          0x00000000        0x0 ./list.o
 .bss           0x00000000        0x0 ./list.o
 .text          0x00000000        0x0 ./queue.o
 .data          0x00000000        0x0 ./queue.o
 .bss           0x00000000        0x0 ./queue.o
 .text.xQueueCreateCountingSemaphore
                0x00000000       0x4e ./queue.o
 .text.xQueueGiveMutexRecursive
                0x00000000       0x3c ./queue.o
 .text.xQueueGiveFromISR
                0x00000000       0xa4 ./queue.o
 .text.xQueueTakeMutexRecursive
                0x00000000       0x46 ./queue.o
 .text.xQueueReceiveFromISR
                0x00000000       0x8e ./queue.o
 .text.xQueuePeekFromISR
                0x00000000       0x76 ./queue.o
 .text.uxQueueMessagesWaiting
                0x00000000       0x26 ./queue.o
 .text.uxQueueSpacesAvailable
                0x00000000       0x2a ./queue.o
 .text.uxQueueMessagesWaitingFromISR
                0x00000000       0x18 ./queue.o
 .text.vQueueDelete
                0x00000000       0x18 ./queue.o
 .text.xQueueIsQueueEmptyFromISR
                0x00000000       0x1e ./queue.o
 .text.xQueueIsQueueFullFromISR
                0x00000000       0x20 ./queue.o
 .text          0x00000000        0x0 ./switch_task.o
 .data          0x00000000        0x0 ./switch_task.o
 .bss           0x00000000        0x0 ./switch_task.o
 .text          0x00000000        0x0 ./tasks.o
 .data          0x00000000        0x0 ./tasks.o
 .bss           0x00000000        0x0 ./tasks.o
 .text.vTaskDelete
                0x00000000       0xc8 ./tasks.o
 .text.eTaskGetState
                0x00000000       0x74 ./tasks.o
 .text.uxTaskPriorityGet
                0x00000000       0x1c ./tasks.o
 .text.uxTaskPriorityGetFromISR
                0x00000000       0x30 ./tasks.o
 .text.vTaskPrioritySet
                0x00000000       0xd4 ./tasks.o
 .text.vTaskResume
                0x00000000       0x98 ./tasks.o
 .text.vTaskEndScheduler
                0x00000000       0x20 ./tasks.o
 .text.xTaskGetTickCountFromISR
                0x00000000       0x10 ./tasks.o
 .text.uxTaskGetNumberOfTasks
                0x00000000        0xc ./tasks.o
 .text.vTaskDelay
                0x00000000       0x7c ./tasks.o
 .text.vTaskSuspend
                0x00000000       0xcc ./tasks.o
 .text.vTaskPlaceOnUnorderedEventList
                0x00000000       0x94 ./tasks.o
 .text.xTaskRemoveFromUnorderedEventList
                0x00000000       0x8c ./tasks.o
 .text.xTaskGetCurrentTaskHandle
                0x00000000        0xc ./tasks.o
 .text.uxTaskResetEventItemValue
                0x00000000       0x18 ./tasks.o
 .text.ulTaskNotifyTake
                0x00000000       0xa4 ./tasks.o
 .text.xTaskNotifyWait
                0x00000000       0xcc ./tasks.o
 .text.xTaskGenericNotify
                0x00000000       0xd4 ./tasks.o
 .text.xTaskGenericNotifyFromISR
                0x00000000       0xfc ./tasks.o
 .text.vTaskNotifyGiveFromISR
                0x00000000       0xc0 ./tasks.o
 .text.xTaskNotifyStateClear
                0x00000000       0x2c ./tasks.o
 .text          0x00000000        0x0 ./timers.o
 .data          0x00000000        0x0 ./timers.o
 .bss           0x00000000        0x0 ./timers.o
 .text.xTimerCreate
                0x00000000       0x48 ./timers.o
 .text.pcTimerGetTimerName
                0x00000000       0x18 ./timers.o
 .text.xTimerIsTimerActive
                0x00000000       0x2c ./timers.o
 .text.pvTimerGetTimerID
                0x00000000       0x26 ./timers.o
 .text.vTimerSetTimerID
                0x00000000       0x28 ./timers.o
 .text.xTimerPendFunctionCallFromISR
                0x00000000       0x28 ./timers.o
 .text.xTimerPendFunctionCall
                0x00000000       0x40 ./timers.o
 .text          0x00000000        0x0 ./tm4c123gh6pm_startup_ccs_gcc.o
 .data          0x00000000        0x0 ./tm4c123gh6pm_startup_ccs_gcc.o
 .bss           0x00000000        0x0 ./tm4c123gh6pm_startup_ccs_gcc.o
 .text          0x00000000        0x0 ./uartstdio.o
 .data          0x00000000        0x0 ./uartstdio.o
 .bss           0x00000000        0x0 ./uartstdio.o
 .text.UARTgets
                0x00000000       0x90 ./uartstdio.o
 .text.UARTgetc
                0x00000000       0x1c ./uartstdio.o
 .bss.bLastWasCR.5765
                0x00000000        0x1 ./uartstdio.o
 .rodata.UARTgets.str1.1
                0x00000000        0x7 ./uartstdio.o
 .text          0x00000000        0x0 ./drivers/buttons.o
 .data          0x00000000        0x0 ./drivers/buttons.o
 .bss           0x00000000        0x0 ./drivers/buttons.o
 .text          0x00000000        0x0 ./drivers/rgb.o
 .data          0x00000000        0x0 ./drivers/rgb.o
 .bss           0x00000000        0x0 ./drivers/rgb.o
 .text.RGBBlinkIntHandler
                0x00000000       0x3c ./drivers/rgb.o
 .text.RGBSet   0x00000000       0x1e ./drivers/rgb.o
 .text.RGBBlinkRateSet
                0x00000000       0x78 ./drivers/rgb.o
 .text.RGBColorGet
                0x00000000       0x14 ./drivers/rgb.o
 .bss.ulFlags.5879
                0x00000000        0x4 ./drivers/rgb.o
 .text          0x00000000        0x0 ./portable/GCC/ARM_CM4F/port.o
 .data          0x00000000        0x0 ./portable/GCC/ARM_CM4F/port.o
 .bss           0x00000000        0x0 ./portable/GCC/ARM_CM4F/port.o
 .text.vPortEndScheduler
                0x00000000       0x24 ./portable/GCC/ARM_CM4F/port.o
 .text          0x00000000        0x0 ./portable/MemMang/heap_2.o
 .data          0x00000000        0x0 ./portable/MemMang/heap_2.o
 .bss           0x00000000        0x0 ./portable/MemMang/heap_2.o
 .text.xPortGetFreeHeapSize
                0x00000000        0xc ./portable/MemMang/heap_2.o
 .text.vPortInitialiseBlocks
                0x00000000        0x2 ./portable/MemMang/heap_2.o
 .text          0x00000000        0x0 C:/ti/TivaWare_C_Series-2.2.0.295/driverlib/gcc/libdriver.a(sysctl.o)
 .data          0x00000000        0x0 C:/ti/TivaWare_C_Series-2.2.0.295/driverlib/gcc/libdriver.a(sysctl.o)
 .bss           0x00000000        0x0 C:/ti/TivaWare_C_Series-2.2.0.295/driverlib/gcc/libdriver.a(sysctl.o)
 .text._SysCtlMemTimingGet
                0x00000000       0x24 C:/ti/TivaWare_C_Series-2.2.0.295/driverlib/gcc/libdriver.a(sysctl.o)
 .text.SysCtlSRAMSizeGet
                0x00000000       0x10 C:/ti/TivaWare_C_Series-2.2.0.295/driverlib/gcc/libdriver.a(sysctl.o)
 .text.SysCtlFlashSizeGet
                0x00000000       0x3c C:/ti/TivaWare_C_Series-2.2.0.295/driverlib/gcc/libdriver.a(sysctl.o)
 .text.SysCtlFlashSectorSizeGet
                0x00000000       0x38 C:/ti/TivaWare_C_Series-2.2.0.295/driverlib/gcc/libdriver.a(sysctl.o)
 .text.SysCtlPeripheralPresent
                0x00000000       0x26 C:/ti/TivaWare_C_Series-2.2.0.295/driverlib/gcc/libdriver.a(sysctl.o)
 .text.SysCtlPeripheralReady
                0x00000000       0x26 C:/ti/TivaWare_C_Series-2.2.0.295/driverlib/gcc/libdriver.a(sysctl.o)
 .text.SysCtlPeripheralPowerOn
                0x00000000       0x22 C:/ti/TivaWare_C_Series-2.2.0.295/driverlib/gcc/libdriver.a(sysctl.o)
 .text.SysCtlPeripheralPowerOff
                0x00000000       0x22 C:/ti/TivaWare_C_Series-2.2.0.295/driverlib/gcc/libdriver.a(sysctl.o)
 .text.SysCtlPeripheralReset
                0x00000000       0x3a C:/ti/TivaWare_C_Series-2.2.0.295/driverlib/gcc/libdriver.a(sysctl.o)
 .text.SysCtlPeripheralEnable
                0x00000000       0x22 C:/ti/TivaWare_C_Series-2.2.0.295/driverlib/gcc/libdriver.a(sysctl.o)
 .text.SysCtlPeripheralDisable
                0x00000000       0x22 C:/ti/TivaWare_C_Series-2.2.0.295/driverlib/gcc/libdriver.a(sysctl.o)
 .text.SysCtlPeripheralSleepEnable
                0x00000000       0x22 C:/ti/TivaWare_C_Series-2.2.0.295/driverlib/gcc/libdriver.a(sysctl.o)
 .text.SysCtlPeripheralSleepDisable
                0x00000000       0x22 C:/ti/TivaWare_C_Series-2.2.0.295/driverlib/gcc/libdriver.a(sysctl.o)
 .text.SysCtlPeripheralDeepSleepEnable
                0x00000000       0x22 C:/ti/TivaWare_C_Series-2.2.0.295/driverlib/gcc/libdriver.a(sysctl.o)
 .text.SysCtlPeripheralDeepSleepDisable
                0x00000000       0x22 C:/ti/TivaWare_C_Series-2.2.0.295/driverlib/gcc/libdriver.a(sysctl.o)
 .text.SysCtlPeripheralClockGating
                0x00000000       0x48 C:/ti/TivaWare_C_Series-2.2.0.295/driverlib/gcc/libdriver.a(sysctl.o)
 .text.SysCtlIntRegister
                0x00000000       0x14 C:/ti/TivaWare_C_Series-2.2.0.295/driverlib/gcc/libdriver.a(sysctl.o)
 .text.SysCtlIntUnregister
                0x00000000       0x12 C:/ti/TivaWare_C_Series-2.2.0.295/driverlib/gcc/libdriver.a(sysctl.o)
 .text.SysCtlIntEnable
                0x00000000       0x10 C:/ti/TivaWare_C_Series-2.2.0.295/driverlib/gcc/libdriver.a(sysctl.o)
 .text.SysCtlIntDisable
                0x00000000       0x10 C:/ti/TivaWare_C_Series-2.2.0.295/driverlib/gcc/libdriver.a(sysctl.o)
 .text.SysCtlIntClear
                0x00000000        0xc C:/ti/TivaWare_C_Series-2.2.0.295/driverlib/gcc/libdriver.a(sysctl.o)
 .text.SysCtlIntStatus
                0x00000000       0x14 C:/ti/TivaWare_C_Series-2.2.0.295/driverlib/gcc/libdriver.a(sysctl.o)
 .text.SysCtlLDOSleepSet
                0x00000000        0xc C:/ti/TivaWare_C_Series-2.2.0.295/driverlib/gcc/libdriver.a(sysctl.o)
 .text.SysCtlLDOSleepGet
                0x00000000        0xc C:/ti/TivaWare_C_Series-2.2.0.295/driverlib/gcc/libdriver.a(sysctl.o)
 .text.SysCtlLDODeepSleepSet
                0x00000000        0xc C:/ti/TivaWare_C_Series-2.2.0.295/driverlib/gcc/libdriver.a(sysctl.o)
 .text.SysCtlLDODeepSleepGet
                0x00000000        0xc C:/ti/TivaWare_C_Series-2.2.0.295/driverlib/gcc/libdriver.a(sysctl.o)
 .text.SysCtlSleepPowerSet
                0x00000000        0xc C:/ti/TivaWare_C_Series-2.2.0.295/driverlib/gcc/libdriver.a(sysctl.o)
 .text.SysCtlDeepSleepPowerSet
                0x00000000        0xc C:/ti/TivaWare_C_Series-2.2.0.295/driverlib/gcc/libdriver.a(sysctl.o)
 .text.SysCtlReset
                0x00000000       0x10 C:/ti/TivaWare_C_Series-2.2.0.295/driverlib/gcc/libdriver.a(sysctl.o)
 .text.SysCtlSleep
                0x00000000        0x4 C:/ti/TivaWare_C_Series-2.2.0.295/driverlib/gcc/libdriver.a(sysctl.o)
 .text.SysCtlDeepSleep
                0x00000000       0x20 C:/ti/TivaWare_C_Series-2.2.0.295/driverlib/gcc/libdriver.a(sysctl.o)
 .text.SysCtlResetCauseGet
                0x00000000        0xc C:/ti/TivaWare_C_Series-2.2.0.295/driverlib/gcc/libdriver.a(sysctl.o)
 .text.SysCtlResetCauseClear
                0x00000000       0x10 C:/ti/TivaWare_C_Series-2.2.0.295/driverlib/gcc/libdriver.a(sysctl.o)
 .text.SysCtlDelay
                0x00000000        0x8 C:/ti/TivaWare_C_Series-2.2.0.295/driverlib/gcc/libdriver.a(sysctl.o)
 .text.SysCtlMOSCConfigSet
                0x00000000        0xc C:/ti/TivaWare_C_Series-2.2.0.295/driverlib/gcc/libdriver.a(sysctl.o)
 .text.SysCtlPIOSCCalibrate
                0x00000000       0x48 C:/ti/TivaWare_C_Series-2.2.0.295/driverlib/gcc/libdriver.a(sysctl.o)
 .text.SysCtlResetBehaviorSet
                0x00000000        0xc C:/ti/TivaWare_C_Series-2.2.0.295/driverlib/gcc/libdriver.a(sysctl.o)
 .text.SysCtlResetBehaviorGet
                0x00000000        0xc C:/ti/TivaWare_C_Series-2.2.0.295/driverlib/gcc/libdriver.a(sysctl.o)
 .text.SysCtlClockFreqSet
                0x00000000      0x248 C:/ti/TivaWare_C_Series-2.2.0.295/driverlib/gcc/libdriver.a(sysctl.o)
 .text.SysCtlClockSet
                0x00000000      0x11c C:/ti/TivaWare_C_Series-2.2.0.295/driverlib/gcc/libdriver.a(sysctl.o)
 .text.SysCtlClockGet
                0x00000000      0x12c C:/ti/TivaWare_C_Series-2.2.0.295/driverlib/gcc/libdriver.a(sysctl.o)
 .text.SysCtlDeepSleepClockSet
                0x00000000        0xc C:/ti/TivaWare_C_Series-2.2.0.295/driverlib/gcc/libdriver.a(sysctl.o)
 .text.SysCtlDeepSleepClockConfigSet
                0x00000000       0x60 C:/ti/TivaWare_C_Series-2.2.0.295/driverlib/gcc/libdriver.a(sysctl.o)
 .text.SysCtlPWMClockSet
                0x00000000       0x14 C:/ti/TivaWare_C_Series-2.2.0.295/driverlib/gcc/libdriver.a(sysctl.o)
 .text.SysCtlPWMClockGet
                0x00000000       0x18 C:/ti/TivaWare_C_Series-2.2.0.295/driverlib/gcc/libdriver.a(sysctl.o)
 .text.SysCtlGPIOAHBEnable
                0x00000000       0x18 C:/ti/TivaWare_C_Series-2.2.0.295/driverlib/gcc/libdriver.a(sysctl.o)
 .text.SysCtlGPIOAHBDisable
                0x00000000       0x1c C:/ti/TivaWare_C_Series-2.2.0.295/driverlib/gcc/libdriver.a(sysctl.o)
 .text.SysCtlUSBPLLEnable
                0x00000000       0x10 C:/ti/TivaWare_C_Series-2.2.0.295/driverlib/gcc/libdriver.a(sysctl.o)
 .text.SysCtlUSBPLLDisable
                0x00000000       0x10 C:/ti/TivaWare_C_Series-2.2.0.295/driverlib/gcc/libdriver.a(sysctl.o)
 .text.SysCtlVoltageEventConfig
                0x00000000        0xc C:/ti/TivaWare_C_Series-2.2.0.295/driverlib/gcc/libdriver.a(sysctl.o)
 .text.SysCtlVoltageEventStatus
                0x00000000        0xc C:/ti/TivaWare_C_Series-2.2.0.295/driverlib/gcc/libdriver.a(sysctl.o)
 .text.SysCtlVoltageEventClear
                0x00000000       0x10 C:/ti/TivaWare_C_Series-2.2.0.295/driverlib/gcc/libdriver.a(sysctl.o)
 .text.SysCtlVCOGet
                0x00000000       0x78 C:/ti/TivaWare_C_Series-2.2.0.295/driverlib/gcc/libdriver.a(sysctl.o)
 .text.SysCtlNMIStatus
                0x00000000        0xc C:/ti/TivaWare_C_Series-2.2.0.295/driverlib/gcc/libdriver.a(sysctl.o)
 .text.SysCtlNMIClear
                0x00000000       0x10 C:/ti/TivaWare_C_Series-2.2.0.295/driverlib/gcc/libdriver.a(sysctl.o)
 .text.SysCtlClockOutConfig
                0x00000000       0x10 C:/ti/TivaWare_C_Series-2.2.0.295/driverlib/gcc/libdriver.a(sysctl.o)
 .text.SysCtlAltClkConfig
                0x00000000        0xc C:/ti/TivaWare_C_Series-2.2.0.295/driverlib/gcc/libdriver.a(sysctl.o)
 .rodata.g_pppui32XTALtoVCO
                0x00000000      0x1b0 C:/ti/TivaWare_C_Series-2.2.0.295/driverlib/gcc/libdriver.a(sysctl.o)
 .rodata.g_pui32VCOFrequencies
                0x00000000        0x8 C:/ti/TivaWare_C_Series-2.2.0.295/driverlib/gcc/libdriver.a(sysctl.o)
 .rodata.g_sXTALtoMEMTIM
                0x00000000       0x30 C:/ti/TivaWare_C_Series-2.2.0.295/driverlib/gcc/libdriver.a(sysctl.o)
 .rodata.g_pui32Xtals
                0x00000000       0x6c C:/ti/TivaWare_C_Series-2.2.0.295/driverlib/gcc/libdriver.a(sysctl.o)
 .comment       0x00000000       0x71 C:/ti/TivaWare_C_Series-2.2.0.295/driverlib/gcc/libdriver.a(sysctl.o)
 .ARM.attributes
                0x00000000       0x3b C:/ti/TivaWare_C_Series-2.2.0.295/driverlib/gcc/libdriver.a(sysctl.o)
 .text          0x00000000        0x0 C:/ti/TivaWare_C_Series-2.2.0.295/driverlib/gcc/libdriver.a(uart.o)
 .data          0x00000000        0x0 C:/ti/TivaWare_C_Series-2.2.0.295/driverlib/gcc/libdriver.a(uart.o)
 .bss           0x00000000        0x0 C:/ti/TivaWare_C_Series-2.2.0.295/driverlib/gcc/libdriver.a(uart.o)
 .text._UARTIntNumberGet
                0x00000000       0x44 C:/ti/TivaWare_C_Series-2.2.0.295/driverlib/gcc/libdriver.a(uart.o)
 .text.UARTParityModeSet
                0x00000000        0xc C:/ti/TivaWare_C_Series-2.2.0.295/driverlib/gcc/libdriver.a(uart.o)
 .text.UARTParityModeGet
                0x00000000        0x8 C:/ti/TivaWare_C_Series-2.2.0.295/driverlib/gcc/libdriver.a(uart.o)
 .text.UARTFIFOLevelSet
                0x00000000        0x6 C:/ti/TivaWare_C_Series-2.2.0.295/driverlib/gcc/libdriver.a(uart.o)
 .text.UARTFIFOLevelGet
                0x00000000       0x10 C:/ti/TivaWare_C_Series-2.2.0.295/driverlib/gcc/libdriver.a(uart.o)
 .text.UARTConfigGetExpClk
                0x00000000       0x28 C:/ti/TivaWare_C_Series-2.2.0.295/driverlib/gcc/libdriver.a(uart.o)
 .text.UARTEnable
                0x00000000       0x16 C:/ti/TivaWare_C_Series-2.2.0.295/driverlib/gcc/libdriver.a(uart.o)
 .text.UARTDisable
                0x00000000       0x1c C:/ti/TivaWare_C_Series-2.2.0.295/driverlib/gcc/libdriver.a(uart.o)
 .text.UARTConfigSetExpClk
                0x00000000       0x48 C:/ti/TivaWare_C_Series-2.2.0.295/driverlib/gcc/libdriver.a(uart.o)
 .text.UARTFIFOEnable
                0x00000000        0xa C:/ti/TivaWare_C_Series-2.2.0.295/driverlib/gcc/libdriver.a(uart.o)
 .text.UARTFIFODisable
                0x00000000        0xa C:/ti/TivaWare_C_Series-2.2.0.295/driverlib/gcc/libdriver.a(uart.o)
 .text.UARTEnableSIR
                0x00000000       0x12 C:/ti/TivaWare_C_Series-2.2.0.295/driverlib/gcc/libdriver.a(uart.o)
 .text.UARTDisableSIR
                0x00000000        0xa C:/ti/TivaWare_C_Series-2.2.0.295/driverlib/gcc/libdriver.a(uart.o)
 .text.UARTSmartCardEnable
                0x00000000       0x16 C:/ti/TivaWare_C_Series-2.2.0.295/driverlib/gcc/libdriver.a(uart.o)
 .text.UARTSmartCardDisable
                0x00000000        0xa C:/ti/TivaWare_C_Series-2.2.0.295/driverlib/gcc/libdriver.a(uart.o)
 .text.UARTModemControlSet
                0x00000000        0xc C:/ti/TivaWare_C_Series-2.2.0.295/driverlib/gcc/libdriver.a(uart.o)
 .text.UARTModemControlClear
                0x00000000        0xe C:/ti/TivaWare_C_Series-2.2.0.295/driverlib/gcc/libdriver.a(uart.o)
 .text.UARTModemControlGet
                0x00000000        0x8 C:/ti/TivaWare_C_Series-2.2.0.295/driverlib/gcc/libdriver.a(uart.o)
 .text.UARTModemStatusGet
                0x00000000        0xa C:/ti/TivaWare_C_Series-2.2.0.295/driverlib/gcc/libdriver.a(uart.o)
 .text.UARTFlowControlSet
                0x00000000        0xc C:/ti/TivaWare_C_Series-2.2.0.295/driverlib/gcc/libdriver.a(uart.o)
 .text.UARTFlowControlGet
                0x00000000        0x8 C:/ti/TivaWare_C_Series-2.2.0.295/driverlib/gcc/libdriver.a(uart.o)
 .text.UARTTxIntModeSet
                0x00000000        0xc C:/ti/TivaWare_C_Series-2.2.0.295/driverlib/gcc/libdriver.a(uart.o)
 .text.UARTTxIntModeGet
                0x00000000        0x8 C:/ti/TivaWare_C_Series-2.2.0.295/driverlib/gcc/libdriver.a(uart.o)
 .text.UARTCharsAvail
                0x00000000        0xc C:/ti/TivaWare_C_Series-2.2.0.295/driverlib/gcc/libdriver.a(uart.o)
 .text.UARTSpaceAvail
                0x00000000        0xc C:/ti/TivaWare_C_Series-2.2.0.295/driverlib/gcc/libdriver.a(uart.o)
 .text.UARTCharGetNonBlocking
                0x00000000        0xe C:/ti/TivaWare_C_Series-2.2.0.295/driverlib/gcc/libdriver.a(uart.o)
 .text.UARTCharGet
                0x00000000        0xa C:/ti/TivaWare_C_Series-2.2.0.295/driverlib/gcc/libdriver.a(uart.o)
 .text.UARTCharPutNonBlocking
                0x00000000       0x10 C:/ti/TivaWare_C_Series-2.2.0.295/driverlib/gcc/libdriver.a(uart.o)
 .text.UARTCharPut
                0x00000000        0xa C:/ti/TivaWare_C_Series-2.2.0.295/driverlib/gcc/libdriver.a(uart.o)
 .text.UARTBreakCtl
                0x00000000       0x16 C:/ti/TivaWare_C_Series-2.2.0.295/driverlib/gcc/libdriver.a(uart.o)
 .text.UARTBusy
                0x00000000        0x8 C:/ti/TivaWare_C_Series-2.2.0.295/driverlib/gcc/libdriver.a(uart.o)
 .text.UARTIntRegister
                0x00000000       0x1a C:/ti/TivaWare_C_Series-2.2.0.295/driverlib/gcc/libdriver.a(uart.o)
 .text.UARTIntUnregister
                0x00000000       0x16 C:/ti/TivaWare_C_Series-2.2.0.295/driverlib/gcc/libdriver.a(uart.o)
 .text.UARTIntEnable
                0x00000000        0x8 C:/ti/TivaWare_C_Series-2.2.0.295/driverlib/gcc/libdriver.a(uart.o)
 .text.UARTIntDisable
                0x00000000        0xa C:/ti/TivaWare_C_Series-2.2.0.295/driverlib/gcc/libdriver.a(uart.o)
 .text.UARTIntStatus
                0x00000000        0xa C:/ti/TivaWare_C_Series-2.2.0.295/driverlib/gcc/libdriver.a(uart.o)
 .text.UARTIntClear
                0x00000000        0x4 C:/ti/TivaWare_C_Series-2.2.0.295/driverlib/gcc/libdriver.a(uart.o)
 .text.UARTDMAEnable
                0x00000000        0x8 C:/ti/TivaWare_C_Series-2.2.0.295/driverlib/gcc/libdriver.a(uart.o)
 .text.UARTDMADisable
                0x00000000        0xa C:/ti/TivaWare_C_Series-2.2.0.295/driverlib/gcc/libdriver.a(uart.o)
 .text.UARTRxErrorGet
                0x00000000        0x8 C:/ti/TivaWare_C_Series-2.2.0.295/driverlib/gcc/libdriver.a(uart.o)
 .text.UARTRxErrorClear
                0x00000000        0x6 C:/ti/TivaWare_C_Series-2.2.0.295/driverlib/gcc/libdriver.a(uart.o)
 .text.UARTClockSourceGet
                0x00000000        0x6 C:/ti/TivaWare_C_Series-2.2.0.295/driverlib/gcc/libdriver.a(uart.o)
 .text.UART9BitEnable
                0x00000000        0xe C:/ti/TivaWare_C_Series-2.2.0.295/driverlib/gcc/libdriver.a(uart.o)
 .text.UART9BitDisable
                0x00000000        0xe C:/ti/TivaWare_C_Series-2.2.0.295/driverlib/gcc/libdriver.a(uart.o)
 .text.UART9BitAddrSet
                0x00000000        0xa C:/ti/TivaWare_C_Series-2.2.0.295/driverlib/gcc/libdriver.a(uart.o)
 .text.UART9BitAddrSend
                0x00000000       0x2c C:/ti/TivaWare_C_Series-2.2.0.295/driverlib/gcc/libdriver.a(uart.o)
 .text.UARTLoopbackEnable
                0x00000000        0xa C:/ti/TivaWare_C_Series-2.2.0.295/driverlib/gcc/libdriver.a(uart.o)
 .rodata.g_ppui32UARTIntMap
                0x00000000       0x40 C:/ti/TivaWare_C_Series-2.2.0.295/driverlib/gcc/libdriver.a(uart.o)
 .rodata.g_ppui32UARTIntMapSnowflake
                0x00000000       0x40 C:/ti/TivaWare_C_Series-2.2.0.295/driverlib/gcc/libdriver.a(uart.o)
 .text          0x00000000        0x0 C:/ti/TivaWare_C_Series-2.2.0.295/driverlib/gcc/libdriver.a(cpu.o)
 .data          0x00000000        0x0 C:/ti/TivaWare_C_Series-2.2.0.295/driverlib/gcc/libdriver.a(cpu.o)
 .bss           0x00000000        0x0 C:/ti/TivaWare_C_Series-2.2.0.295/driverlib/gcc/libdriver.a(cpu.o)
 .text.CPUcpsid
                0x00000000        0x8 C:/ti/TivaWare_C_Series-2.2.0.295/driverlib/gcc/libdriver.a(cpu.o)
 .text.CPUprimask
                0x00000000        0x6 C:/ti/TivaWare_C_Series-2.2.0.295/driverlib/gcc/libdriver.a(cpu.o)
 .text.CPUcpsie
                0x00000000        0x8 C:/ti/TivaWare_C_Series-2.2.0.295/driverlib/gcc/libdriver.a(cpu.o)
 .text.CPUwfi   0x00000000        0x4 C:/ti/TivaWare_C_Series-2.2.0.295/driverlib/gcc/libdriver.a(cpu.o)
 .text.CPUbasepriSet
                0x00000000        0x6 C:/ti/TivaWare_C_Series-2.2.0.295/driverlib/gcc/libdriver.a(cpu.o)
 .text.CPUbasepriGet
                0x00000000        0x6 C:/ti/TivaWare_C_Series-2.2.0.295/driverlib/gcc/libdriver.a(cpu.o)
 .comment       0x00000000       0x71 C:/ti/TivaWare_C_Series-2.2.0.295/driverlib/gcc/libdriver.a(cpu.o)
 .ARM.attributes
                0x00000000       0x3b C:/ti/TivaWare_C_Series-2.2.0.295/driverlib/gcc/libdriver.a(cpu.o)
 .text          0x00000000        0x0 C:/ti/TivaWare_C_Series-2.2.0.295/driverlib/gcc/libdriver.a(interrupt.o)
 .data          0x00000000        0x0 C:/ti/TivaWare_C_Series-2.2.0.295/driverlib/gcc/libdriver.a(interrupt.o)
 .bss           0x00000000        0x0 C:/ti/TivaWare_C_Series-2.2.0.295/driverlib/gcc/libdriver.a(interrupt.o)
 .text._IntDefaultHandler
                0x00000000        0x2 C:/ti/TivaWare_C_Series-2.2.0.295/driverlib/gcc/libdriver.a(interrupt.o)
 .text.IntMasterEnable
                0x00000000        0xe C:/ti/TivaWare_C_Series-2.2.0.295/driverlib/gcc/libdriver.a(interrupt.o)
 .text.IntMasterDisable
                0x00000000        0xe C:/ti/TivaWare_C_Series-2.2.0.295/driverlib/gcc/libdriver.a(interrupt.o)
 .text.IntRegister
                0x00000000       0x34 C:/ti/TivaWare_C_Series-2.2.0.295/driverlib/gcc/libdriver.a(interrupt.o)
 .text.IntUnregister
                0x00000000       0x14 C:/ti/TivaWare_C_Series-2.2.0.295/driverlib/gcc/libdriver.a(interrupt.o)
 .text.IntPriorityGroupingSet
                0x00000000       0x1c C:/ti/TivaWare_C_Series-2.2.0.295/driverlib/gcc/libdriver.a(interrupt.o)
 .text.IntPriorityGroupingGet
                0x00000000       0x24 C:/ti/TivaWare_C_Series-2.2.0.295/driverlib/gcc/libdriver.a(interrupt.o)
 .text.IntPrioritySet
                0x00000000       0x2c C:/ti/TivaWare_C_Series-2.2.0.295/driverlib/gcc/libdriver.a(interrupt.o)
 .text.IntPriorityGet
                0x00000000       0x1c C:/ti/TivaWare_C_Series-2.2.0.295/driverlib/gcc/libdriver.a(interrupt.o)
 .text.IntEnable
                0x00000000       0x60 C:/ti/TivaWare_C_Series-2.2.0.295/driverlib/gcc/libdriver.a(interrupt.o)
 .text.IntDisable
                0x00000000       0x60 C:/ti/TivaWare_C_Series-2.2.0.295/driverlib/gcc/libdriver.a(interrupt.o)
 .text.IntIsEnabled
                0x00000000       0x64 C:/ti/TivaWare_C_Series-2.2.0.295/driverlib/gcc/libdriver.a(interrupt.o)
 .text.IntPendSet
                0x00000000       0x50 C:/ti/TivaWare_C_Series-2.2.0.295/driverlib/gcc/libdriver.a(interrupt.o)
 .text.IntPendClear
                0x00000000       0x40 C:/ti/TivaWare_C_Series-2.2.0.295/driverlib/gcc/libdriver.a(interrupt.o)
 .text.IntPriorityMaskSet
                0x00000000        0x4 C:/ti/TivaWare_C_Series-2.2.0.295/driverlib/gcc/libdriver.a(interrupt.o)
 .text.IntPriorityMaskGet
                0x00000000        0x4 C:/ti/TivaWare_C_Series-2.2.0.295/driverlib/gcc/libdriver.a(interrupt.o)
 .text.IntTrigger
                0x00000000        0xc C:/ti/TivaWare_C_Series-2.2.0.295/driverlib/gcc/libdriver.a(interrupt.o)
 .rodata.g_pui32Priority
                0x00000000       0x20 C:/ti/TivaWare_C_Series-2.2.0.295/driverlib/gcc/libdriver.a(interrupt.o)
 .rodata.g_pui32Dii16Regs
                0x00000000       0x14 C:/ti/TivaWare_C_Series-2.2.0.295/driverlib/gcc/libdriver.a(interrupt.o)
 .rodata.g_pui32PendRegs
                0x00000000       0x14 C:/ti/TivaWare_C_Series-2.2.0.295/driverlib/gcc/libdriver.a(interrupt.o)
 vtable         0x00000000      0x400 C:/ti/TivaWare_C_Series-2.2.0.295/driverlib/gcc/libdriver.a(interrupt.o)
 .rodata.g_pui32Regs
                0x00000000       0x9c C:/ti/TivaWare_C_Series-2.2.0.295/driverlib/gcc/libdriver.a(interrupt.o)
 .rodata.g_pui32EnRegs
                0x00000000       0x14 C:/ti/TivaWare_C_Series-2.2.0.295/driverlib/gcc/libdriver.a(interrupt.o)
 .rodata.g_pui32UnpendRegs
                0x00000000       0x14 C:/ti/TivaWare_C_Series-2.2.0.295/driverlib/gcc/libdriver.a(interrupt.o)
 .comment       0x00000000       0x71 C:/ti/TivaWare_C_Series-2.2.0.295/driverlib/gcc/libdriver.a(interrupt.o)
 .ARM.attributes
                0x00000000       0x3b C:/ti/TivaWare_C_Series-2.2.0.295/driverlib/gcc/libdriver.a(interrupt.o)
 .text          0x00000000       0x48 c:/ti/ccs1020/ccs/tools/compiler/gcc-arm-none-eabi-7-2017-q4-major-win32/bin/../lib/gcc/arm-none-eabi/7.2.1/thumb/v7e-m/fpv4-sp/hard\libgcc.a(_fixunssfdi.o)
 .data          0x00000000        0x0 c:/ti/ccs1020/ccs/tools/compiler/gcc-arm-none-eabi-7-2017-q4-major-win32/bin/../lib/gcc/arm-none-eabi/7.2.1/thumb/v7e-m/fpv4-sp/hard\libgcc.a(_fixunssfdi.o)
 .bss           0x00000000        0x0 c:/ti/ccs1020/ccs/tools/compiler/gcc-arm-none-eabi-7-2017-q4-major-win32/bin/../lib/gcc/arm-none-eabi/7.2.1/thumb/v7e-m/fpv4-sp/hard\libgcc.a(_fixunssfdi.o)
 .debug_frame   0x00000000       0x2c c:/ti/ccs1020/ccs/tools/compiler/gcc-arm-none-eabi-7-2017-q4-major-win32/bin/../lib/gcc/arm-none-eabi/7.2.1/thumb/v7e-m/fpv4-sp/hard\libgcc.a(_fixunssfdi.o)
 .ARM.attributes
                0x00000000       0x34 c:/ti/ccs1020/ccs/tools/compiler/gcc-arm-none-eabi-7-2017-q4-major-win32/bin/../lib/gcc/arm-none-eabi/7.2.1/thumb/v7e-m/fpv4-sp/hard\libgcc.a(_fixunssfdi.o)
 .text          0x00000000      0x378 c:/ti/ccs1020/ccs/tools/compiler/gcc-arm-none-eabi-7-2017-q4-major-win32/bin/../lib/gcc/arm-none-eabi/7.2.1/thumb/v7e-m/fpv4-sp/hard\libgcc.a(_arm_addsubdf3.o)
 .data          0x00000000        0x0 c:/ti/ccs1020/ccs/tools/compiler/gcc-arm-none-eabi-7-2017-q4-major-win32/bin/../lib/gcc/arm-none-eabi/7.2.1/thumb/v7e-m/fpv4-sp/hard\libgcc.a(_arm_addsubdf3.o)
 .bss           0x00000000        0x0 c:/ti/ccs1020/ccs/tools/compiler/gcc-arm-none-eabi-7-2017-q4-major-win32/bin/../lib/gcc/arm-none-eabi/7.2.1/thumb/v7e-m/fpv4-sp/hard\libgcc.a(_arm_addsubdf3.o)
 .debug_frame   0x00000000       0xac c:/ti/ccs1020/ccs/tools/compiler/gcc-arm-none-eabi-7-2017-q4-major-win32/bin/../lib/gcc/arm-none-eabi/7.2.1/thumb/v7e-m/fpv4-sp/hard\libgcc.a(_arm_addsubdf3.o)
 .ARM.attributes
                0x00000000       0x22 c:/ti/ccs1020/ccs/tools/compiler/gcc-arm-none-eabi-7-2017-q4-major-win32/bin/../lib/gcc/arm-none-eabi/7.2.1/thumb/v7e-m/fpv4-sp/hard\libgcc.a(_arm_addsubdf3.o)
 .text          0x00000000      0x424 c:/ti/ccs1020/ccs/tools/compiler/gcc-arm-none-eabi-7-2017-q4-major-win32/bin/../lib/gcc/arm-none-eabi/7.2.1/thumb/v7e-m/fpv4-sp/hard\libgcc.a(_arm_muldivdf3.o)
 .data          0x00000000        0x0 c:/ti/ccs1020/ccs/tools/compiler/gcc-arm-none-eabi-7-2017-q4-major-win32/bin/../lib/gcc/arm-none-eabi/7.2.1/thumb/v7e-m/fpv4-sp/hard\libgcc.a(_arm_muldivdf3.o)
 .bss           0x00000000        0x0 c:/ti/ccs1020/ccs/tools/compiler/gcc-arm-none-eabi-7-2017-q4-major-win32/bin/../lib/gcc/arm-none-eabi/7.2.1/thumb/v7e-m/fpv4-sp/hard\libgcc.a(_arm_muldivdf3.o)
 .debug_frame   0x00000000       0x50 c:/ti/ccs1020/ccs/tools/compiler/gcc-arm-none-eabi-7-2017-q4-major-win32/bin/../lib/gcc/arm-none-eabi/7.2.1/thumb/v7e-m/fpv4-sp/hard\libgcc.a(_arm_muldivdf3.o)
 .ARM.attributes
                0x00000000       0x22 c:/ti/ccs1020/ccs/tools/compiler/gcc-arm-none-eabi-7-2017-q4-major-win32/bin/../lib/gcc/arm-none-eabi/7.2.1/thumb/v7e-m/fpv4-sp/hard\libgcc.a(_arm_muldivdf3.o)
 .text          0x00000000       0x40 c:/ti/ccs1020/ccs/tools/compiler/gcc-arm-none-eabi-7-2017-q4-major-win32/bin/../lib/gcc/arm-none-eabi/7.2.1/thumb/v7e-m/fpv4-sp/hard\libgcc.a(_arm_fixunsdfsi.o)
 .data          0x00000000        0x0 c:/ti/ccs1020/ccs/tools/compiler/gcc-arm-none-eabi-7-2017-q4-major-win32/bin/../lib/gcc/arm-none-eabi/7.2.1/thumb/v7e-m/fpv4-sp/hard\libgcc.a(_arm_fixunsdfsi.o)
 .bss           0x00000000        0x0 c:/ti/ccs1020/ccs/tools/compiler/gcc-arm-none-eabi-7-2017-q4-major-win32/bin/../lib/gcc/arm-none-eabi/7.2.1/thumb/v7e-m/fpv4-sp/hard\libgcc.a(_arm_fixunsdfsi.o)
 .debug_frame   0x00000000       0x24 c:/ti/ccs1020/ccs/tools/compiler/gcc-arm-none-eabi-7-2017-q4-major-win32/bin/../lib/gcc/arm-none-eabi/7.2.1/thumb/v7e-m/fpv4-sp/hard\libgcc.a(_arm_fixunsdfsi.o)
 .ARM.attributes
                0x00000000       0x22 c:/ti/ccs1020/ccs/tools/compiler/gcc-arm-none-eabi-7-2017-q4-major-win32/bin/../lib/gcc/arm-none-eabi/7.2.1/thumb/v7e-m/fpv4-sp/hard\libgcc.a(_arm_fixunsdfsi.o)
 .text          0x00000000        0x0 c:/ti/ccs1020/ccs/tools/compiler/gcc-arm-none-eabi-7-2017-q4-major-win32/bin/../lib/gcc/arm-none-eabi/7.2.1/../../../../arm-none-eabi/lib/thumb/v7e-m/fpv4-sp/hard\libg.a(lib_a-exit.o)
 .data          0x00000000        0x0 c:/ti/ccs1020/ccs/tools/compiler/gcc-arm-none-eabi-7-2017-q4-major-win32/bin/../lib/gcc/arm-none-eabi/7.2.1/../../../../arm-none-eabi/lib/thumb/v7e-m/fpv4-sp/hard\libg.a(lib_a-exit.o)
 .bss           0x00000000        0x0 c:/ti/ccs1020/ccs/tools/compiler/gcc-arm-none-eabi-7-2017-q4-major-win32/bin/../lib/gcc/arm-none-eabi/7.2.1/../../../../arm-none-eabi/lib/thumb/v7e-m/fpv4-sp/hard\libg.a(lib_a-exit.o)
 .text.exit     0x00000000       0x20 c:/ti/ccs1020/ccs/tools/compiler/gcc-arm-none-eabi-7-2017-q4-major-win32/bin/../lib/gcc/arm-none-eabi/7.2.1/../../../../arm-none-eabi/lib/thumb/v7e-m/fpv4-sp/hard\libg.a(lib_a-exit.o)
 .debug_frame   0x00000000       0x28 c:/ti/ccs1020/ccs/tools/compiler/gcc-arm-none-eabi-7-2017-q4-major-win32/bin/../lib/gcc/arm-none-eabi/7.2.1/../../../../arm-none-eabi/lib/thumb/v7e-m/fpv4-sp/hard\libg.a(lib_a-exit.o)
 .ARM.attributes
                0x00000000       0x34 c:/ti/ccs1020/ccs/tools/compiler/gcc-arm-none-eabi-7-2017-q4-major-win32/bin/../lib/gcc/arm-none-eabi/7.2.1/../../../../arm-none-eabi/lib/thumb/v7e-m/fpv4-sp/hard\libg.a(lib_a-exit.o)
 .text          0x00000000        0x0 c:/ti/ccs1020/ccs/tools/compiler/gcc-arm-none-eabi-7-2017-q4-major-win32/bin/../lib/gcc/arm-none-eabi/7.2.1/../../../../arm-none-eabi/lib/thumb/v7e-m/fpv4-sp/hard\libg.a(lib_a-impure.o)
 .data          0x00000000        0x0 c:/ti/ccs1020/ccs/tools/compiler/gcc-arm-none-eabi-7-2017-q4-major-win32/bin/../lib/gcc/arm-none-eabi/7.2.1/../../../../arm-none-eabi/lib/thumb/v7e-m/fpv4-sp/hard\libg.a(lib_a-impure.o)
 .bss           0x00000000        0x0 c:/ti/ccs1020/ccs/tools/compiler/gcc-arm-none-eabi-7-2017-q4-major-win32/bin/../lib/gcc/arm-none-eabi/7.2.1/../../../../arm-none-eabi/lib/thumb/v7e-m/fpv4-sp/hard\libg.a(lib_a-impure.o)
 .data._impure_ptr
                0x00000000        0x4 c:/ti/ccs1020/ccs/tools/compiler/gcc-arm-none-eabi-7-2017-q4-major-win32/bin/../lib/gcc/arm-none-eabi/7.2.1/../../../../arm-none-eabi/lib/thumb/v7e-m/fpv4-sp/hard\libg.a(lib_a-impure.o)
 .text          0x00000000        0x0 c:/ti/ccs1020/ccs/tools/compiler/gcc-arm-none-eabi-7-2017-q4-major-win32/bin/../lib/gcc/arm-none-eabi/7.2.1/../../../../arm-none-eabi/lib/thumb/v7e-m/fpv4-sp/hard\libg.a(lib_a-init.o)
 .data          0x00000000        0x0 c:/ti/ccs1020/ccs/tools/compiler/gcc-arm-none-eabi-7-2017-q4-major-win32/bin/../lib/gcc/arm-none-eabi/7.2.1/../../../../arm-none-eabi/lib/thumb/v7e-m/fpv4-sp/hard\libg.a(lib_a-init.o)
 .bss           0x00000000        0x0 c:/ti/ccs1020/ccs/tools/compiler/gcc-arm-none-eabi-7-2017-q4-major-win32/bin/../lib/gcc/arm-none-eabi/7.2.1/../../../../arm-none-eabi/lib/thumb/v7e-m/fpv4-sp/hard\libg.a(lib_a-init.o)
 .text.__libc_init_array
                0x00000000       0x48 c:/ti/ccs1020/ccs/tools/compiler/gcc-arm-none-eabi-7-2017-q4-major-win32/bin/../lib/gcc/arm-none-eabi/7.2.1/../../../../arm-none-eabi/lib/thumb/v7e-m/fpv4-sp/hard\libg.a(lib_a-init.o)
 .debug_frame   0x00000000       0x2c c:/ti/ccs1020/ccs/tools/compiler/gcc-arm-none-eabi-7-2017-q4-major-win32/bin/../lib/gcc/arm-none-eabi/7.2.1/../../../../arm-none-eabi/lib/thumb/v7e-m/fpv4-sp/hard\libg.a(lib_a-init.o)
 .ARM.attributes
                0x00000000       0x34 c:/ti/ccs1020/ccs/tools/compiler/gcc-arm-none-eabi-7-2017-q4-major-win32/bin/../lib/gcc/arm-none-eabi/7.2.1/../../../../arm-none-eabi/lib/thumb/v7e-m/fpv4-sp/hard\libg.a(lib_a-init.o)
 .data          0x00000000        0x0 c:/ti/ccs1020/ccs/tools/compiler/gcc-arm-none-eabi-7-2017-q4-major-win32/bin/../lib/gcc/arm-none-eabi/7.2.1/../../../../arm-none-eabi/lib/thumb/v7e-m/fpv4-sp/hard\libg.a(lib_a-memcpy.o)
 .bss           0x00000000        0x0 c:/ti/ccs1020/ccs/tools/compiler/gcc-arm-none-eabi-7-2017-q4-major-win32/bin/../lib/gcc/arm-none-eabi/7.2.1/../../../../arm-none-eabi/lib/thumb/v7e-m/fpv4-sp/hard\libg.a(lib_a-memcpy.o)
 .text          0x00000000        0x0 c:/ti/ccs1020/ccs/tools/compiler/gcc-arm-none-eabi-7-2017-q4-major-win32/bin/../lib/gcc/arm-none-eabi/7.2.1/../../../../arm-none-eabi/lib/thumb/v7e-m/fpv4-sp/hard\libg.a(lib_a-memset.o)
 .data          0x00000000        0x0 c:/ti/ccs1020/ccs/tools/compiler/gcc-arm-none-eabi-7-2017-q4-major-win32/bin/../lib/gcc/arm-none-eabi/7.2.1/../../../../arm-none-eabi/lib/thumb/v7e-m/fpv4-sp/hard\libg.a(lib_a-memset.o)
 .bss           0x00000000        0x0 c:/ti/ccs1020/ccs/tools/compiler/gcc-arm-none-eabi-7-2017-q4-major-win32/bin/../lib/gcc/arm-none-eabi/7.2.1/../../../../arm-none-eabi/lib/thumb/v7e-m/fpv4-sp/hard\libg.a(lib_a-memset.o)
 .text          0x00000000        0x0 c:/ti/ccs1020/ccs/tools/compiler/gcc-arm-none-eabi-7-2017-q4-major-win32/bin/../lib/gcc/arm-none-eabi/7.2.1/../../../../arm-none-eabi/lib/thumb/v7e-m/fpv4-sp/hard\libg.a(lib_a-__call_atexit.o)
 .data          0x00000000        0x0 c:/ti/ccs1020/ccs/tools/compiler/gcc-arm-none-eabi-7-2017-q4-major-win32/bin/../lib/gcc/arm-none-eabi/7.2.1/../../../../arm-none-eabi/lib/thumb/v7e-m/fpv4-sp/hard\libg.a(lib_a-__call_atexit.o)
 .bss           0x00000000        0x0 c:/ti/ccs1020/ccs/tools/compiler/gcc-arm-none-eabi-7-2017-q4-major-win32/bin/../lib/gcc/arm-none-eabi/7.2.1/../../../../arm-none-eabi/lib/thumb/v7e-m/fpv4-sp/hard\libg.a(lib_a-__call_atexit.o)
 .text.__call_exitprocs
                0x00000000       0xe8 c:/ti/ccs1020/ccs/tools/compiler/gcc-arm-none-eabi-7-2017-q4-major-win32/bin/../lib/gcc/arm-none-eabi/7.2.1/../../../../arm-none-eabi/lib/thumb/v7e-m/fpv4-sp/hard\libg.a(lib_a-__call_atexit.o)
 .text          0x00000000        0x0 c:/ti/ccs1020/ccs/tools/compiler/gcc-arm-none-eabi-7-2017-q4-major-win32/bin/../lib/gcc/arm-none-eabi/7.2.1/../../../../arm-none-eabi/lib/thumb/v7e-m/fpv4-sp/hard\libg.a(lib_a-atexit.o)
 .data          0x00000000        0x0 c:/ti/ccs1020/ccs/tools/compiler/gcc-arm-none-eabi-7-2017-q4-major-win32/bin/../lib/gcc/arm-none-eabi/7.2.1/../../../../arm-none-eabi/lib/thumb/v7e-m/fpv4-sp/hard\libg.a(lib_a-atexit.o)
 .bss           0x00000000        0x0 c:/ti/ccs1020/ccs/tools/compiler/gcc-arm-none-eabi-7-2017-q4-major-win32/bin/../lib/gcc/arm-none-eabi/7.2.1/../../../../arm-none-eabi/lib/thumb/v7e-m/fpv4-sp/hard\libg.a(lib_a-atexit.o)
 .text          0x00000000        0x0 c:/ti/ccs1020/ccs/tools/compiler/gcc-arm-none-eabi-7-2017-q4-major-win32/bin/../lib/gcc/arm-none-eabi/7.2.1/../../../../arm-none-eabi/lib/thumb/v7e-m/fpv4-sp/hard\libg.a(lib_a-fini.o)
 .data          0x00000000        0x0 c:/ti/ccs1020/ccs/tools/compiler/gcc-arm-none-eabi-7-2017-q4-major-win32/bin/../lib/gcc/arm-none-eabi/7.2.1/../../../../arm-none-eabi/lib/thumb/v7e-m/fpv4-sp/hard\libg.a(lib_a-fini.o)
 .bss           0x00000000        0x0 c:/ti/ccs1020/ccs/tools/compiler/gcc-arm-none-eabi-7-2017-q4-major-win32/bin/../lib/gcc/arm-none-eabi/7.2.1/../../../../arm-none-eabi/lib/thumb/v7e-m/fpv4-sp/hard\libg.a(lib_a-fini.o)
 .text          0x00000000        0x0 c:/ti/ccs1020/ccs/tools/compiler/gcc-arm-none-eabi-7-2017-q4-major-win32/bin/../lib/gcc/arm-none-eabi/7.2.1/../../../../arm-none-eabi/lib/thumb/v7e-m/fpv4-sp/hard\libg.a(lib_a-lock.o)
 .data          0x00000000        0x0 c:/ti/ccs1020/ccs/tools/compiler/gcc-arm-none-eabi-7-2017-q4-major-win32/bin/../lib/gcc/arm-none-eabi/7.2.1/../../../../arm-none-eabi/lib/thumb/v7e-m/fpv4-sp/hard\libg.a(lib_a-lock.o)
 .bss           0x00000000        0x0 c:/ti/ccs1020/ccs/tools/compiler/gcc-arm-none-eabi-7-2017-q4-major-win32/bin/../lib/gcc/arm-none-eabi/7.2.1/../../../../arm-none-eabi/lib/thumb/v7e-m/fpv4-sp/hard\libg.a(lib_a-lock.o)
 .text.__retarget_lock_init
                0x00000000        0x4 c:/ti/ccs1020/ccs/tools/compiler/gcc-arm-none-eabi-7-2017-q4-major-win32/bin/../lib/gcc/arm-none-eabi/7.2.1/../../../../arm-none-eabi/lib/thumb/v7e-m/fpv4-sp/hard\libg.a(lib_a-lock.o)
 .text.__retarget_lock_init_recursive
                0x00000000        0x4 c:/ti/ccs1020/ccs/tools/compiler/gcc-arm-none-eabi-7-2017-q4-major-win32/bin/../lib/gcc/arm-none-eabi/7.2.1/../../../../arm-none-eabi/lib/thumb/v7e-m/fpv4-sp/hard\libg.a(lib_a-lock.o)
 .text.__retarget_lock_close
                0x00000000        0x4 c:/ti/ccs1020/ccs/tools/compiler/gcc-arm-none-eabi-7-2017-q4-major-win32/bin/../lib/gcc/arm-none-eabi/7.2.1/../../../../arm-none-eabi/lib/thumb/v7e-m/fpv4-sp/hard\libg.a(lib_a-lock.o)
 .text.__retarget_lock_close_recursive
                0x00000000        0x4 c:/ti/ccs1020/ccs/tools/compiler/gcc-arm-none-eabi-7-2017-q4-major-win32/bin/../lib/gcc/arm-none-eabi/7.2.1/../../../../arm-none-eabi/lib/thumb/v7e-m/fpv4-sp/hard\libg.a(lib_a-lock.o)
 .text.__retarget_lock_acquire
                0x00000000        0x4 c:/ti/ccs1020/ccs/tools/compiler/gcc-arm-none-eabi-7-2017-q4-major-win32/bin/../lib/gcc/arm-none-eabi/7.2.1/../../../../arm-none-eabi/lib/thumb/v7e-m/fpv4-sp/hard\libg.a(lib_a-lock.o)
 .text.__retarget_lock_try_acquire
                0x00000000        0x4 c:/ti/ccs1020/ccs/tools/compiler/gcc-arm-none-eabi-7-2017-q4-major-win32/bin/../lib/gcc/arm-none-eabi/7.2.1/../../../../arm-none-eabi/lib/thumb/v7e-m/fpv4-sp/hard\libg.a(lib_a-lock.o)
 .text.__retarget_lock_try_acquire_recursive
                0x00000000        0x4 c:/ti/ccs1020/ccs/tools/compiler/gcc-arm-none-eabi-7-2017-q4-major-win32/bin/../lib/gcc/arm-none-eabi/7.2.1/../../../../arm-none-eabi/lib/thumb/v7e-m/fpv4-sp/hard\libg.a(lib_a-lock.o)
 .text.__retarget_lock_release
                0x00000000        0x4 c:/ti/ccs1020/ccs/tools/compiler/gcc-arm-none-eabi-7-2017-q4-major-win32/bin/../lib/gcc/arm-none-eabi/7.2.1/../../../../arm-none-eabi/lib/thumb/v7e-m/fpv4-sp/hard\libg.a(lib_a-lock.o)
 .text          0x00000000        0x0 c:/ti/ccs1020/ccs/tools/compiler/gcc-arm-none-eabi-7-2017-q4-major-win32/bin/../lib/gcc/arm-none-eabi/7.2.1/../../../../arm-none-eabi/lib/thumb/v7e-m/fpv4-sp/hard\libg.a(lib_a-__atexit.o)
 .data          0x00000000        0x0 c:/ti/ccs1020/ccs/tools/compiler/gcc-arm-none-eabi-7-2017-q4-major-win32/bin/../lib/gcc/arm-none-eabi/7.2.1/../../../../arm-none-eabi/lib/thumb/v7e-m/fpv4-sp/hard\libg.a(lib_a-__atexit.o)
 .bss           0x00000000        0x0 c:/ti/ccs1020/ccs/tools/compiler/gcc-arm-none-eabi-7-2017-q4-major-win32/bin/../lib/gcc/arm-none-eabi/7.2.1/../../../../arm-none-eabi/lib/thumb/v7e-m/fpv4-sp/hard\libg.a(lib_a-__atexit.o)
 .text          0x00000000        0x0 c:/ti/ccs1020/ccs/tools/compiler/gcc-arm-none-eabi-7-2017-q4-major-win32/bin/../lib/gcc/arm-none-eabi/7.2.1/../../../../arm-none-eabi/lib/thumb/v7e-m/fpv4-sp/hard\libnosys.a(_exit.o)
 .data          0x00000000        0x0 c:/ti/ccs1020/ccs/tools/compiler/gcc-arm-none-eabi-7-2017-q4-major-win32/bin/../lib/gcc/arm-none-eabi/7.2.1/../../../../arm-none-eabi/lib/thumb/v7e-m/fpv4-sp/hard\libnosys.a(_exit.o)
 .bss           0x00000000        0x0 c:/ti/ccs1020/ccs/tools/compiler/gcc-arm-none-eabi-7-2017-q4-major-win32/bin/../lib/gcc/arm-none-eabi/7.2.1/../../../../arm-none-eabi/lib/thumb/v7e-m/fpv4-sp/hard\libnosys.a(_exit.o)
 .text._exit    0x00000000        0x4 c:/ti/ccs1020/ccs/tools/compiler/gcc-arm-none-eabi-7-2017-q4-major-win32/bin/../lib/gcc/arm-none-eabi/7.2.1/../../../../arm-none-eabi/lib/thumb/v7e-m/fpv4-sp/hard\libnosys.a(_exit.o)
 .debug_frame   0x00000000       0x20 c:/ti/ccs1020/ccs/tools/compiler/gcc-arm-none-eabi-7-2017-q4-major-win32/bin/../lib/gcc/arm-none-eabi/7.2.1/../../../../arm-none-eabi/lib/thumb/v7e-m/fpv4-sp/hard\libnosys.a(_exit.o)
 .ARM.attributes
                0x00000000       0x34 c:/ti/ccs1020/ccs/tools/compiler/gcc-arm-none-eabi-7-2017-q4-major-win32/bin/../lib/gcc/arm-none-eabi/7.2.1/../../../../arm-none-eabi/lib/thumb/v7e-m/fpv4-sp/hard\libnosys.a(_exit.o)
 .text          0x00000000        0x0 c:/ti/ccs1020/ccs/tools/compiler/gcc-arm-none-eabi-7-2017-q4-major-win32/bin/../lib/gcc/arm-none-eabi/7.2.1/thumb/v7e-m/fpv4-sp/hard/crtend.o
 .data          0x00000000        0x0 c:/ti/ccs1020/ccs/tools/compiler/gcc-arm-none-eabi-7-2017-q4-major-win32/bin/../lib/gcc/arm-none-eabi/7.2.1/thumb/v7e-m/fpv4-sp/hard/crtend.o
 .bss           0x00000000        0x0 c:/ti/ccs1020/ccs/tools/compiler/gcc-arm-none-eabi-7-2017-q4-major-win32/bin/../lib/gcc/arm-none-eabi/7.2.1/thumb/v7e-m/fpv4-sp/hard/crtend.o
 .eh_frame      0x00000000        0x4 c:/ti/ccs1020/ccs/tools/compiler/gcc-arm-none-eabi-7-2017-q4-major-win32/bin/../lib/gcc/arm-none-eabi/7.2.1/thumb/v7e-m/fpv4-sp/hard/crtend.o
 .ARM.attributes
                0x00000000       0x34 c:/ti/ccs1020/ccs/tools/compiler/gcc-arm-none-eabi-7-2017-q4-major-win32/bin/../lib/gcc/arm-none-eabi/7.2.1/thumb/v7e-m/fpv4-sp/hard/crtend.o
 .text          0x00000000        0x0 c:/ti/ccs1020/ccs/tools/compiler/gcc-arm-none-eabi-7-2017-q4-major-win32/bin/../lib/gcc/arm-none-eabi/7.2.1/thumb/v7e-m/fpv4-sp/hard/crtn.o
 .data          0x00000000        0x0 c:/ti/ccs1020/ccs/tools/compiler/gcc-arm-none-eabi-7-2017-q4-major-win32/bin/../lib/gcc/arm-none-eabi/7.2.1/thumb/v7e-m/fpv4-sp/hard/crtn.o
 .bss           0x00000000        0x0 c:/ti/ccs1020/ccs/tools/compiler/gcc-arm-none-eabi-7-2017-q4-major-win32/bin/../lib/gcc/arm-none-eabi/7.2.1/thumb/v7e-m/fpv4-sp/hard/crtn.o
 .init          0x00000000        0x8 c:/ti/ccs1020/ccs/tools/compiler/gcc-arm-none-eabi-7-2017-q4-major-win32/bin/../lib/gcc/arm-none-eabi/7.2.1/thumb/v7e-m/fpv4-sp/hard/crtn.o
 .fini          0x00000000        0x8 c:/ti/ccs1020/ccs/tools/compiler/gcc-arm-none-eabi-7-2017-q4-major-win32/bin/../lib/gcc/arm-none-eabi/7.2.1/thumb/v7e-m/fpv4-sp/hard/crtn.o
 .ARM.attributes
                0x00000000       0x22 c:/ti/ccs1020/ccs/tools/compiler/gcc-arm-none-eabi-7-2017-q4-major-win32/bin/../lib/gcc/arm-none-eabi/7.2.1/thumb/v7e-m/fpv4-sp/hard/crtn.o

Memory Configuration

Name             Origin             Length             Attributes
FLASH            0x00000000         0x00040000         xr
SRAM             0x20000000         0x00008000         xw
*default*        0x00000000         0xffffffff

Linker script and memory map

LOAD c:/ti/ccs1020/ccs/tools/compiler/gcc-arm-none-eabi-7-2017-q4-major-win32/bin/../lib/gcc/arm-none-eabi/7.2.1/thumb/v7e-m/fpv4-sp/hard/crti.o
LOAD c:/ti/ccs1020/ccs/tools/compiler/gcc-arm-none-eabi-7-2017-q4-major-win32/bin/../lib/gcc/arm-none-eabi/7.2.1/thumb/v7e-m/fpv4-sp/hard/crtbegin.o
LOAD c:/ti/ccs1020/ccs/tools/compiler/gcc-arm-none-eabi-7-2017-q4-major-win32/bin/../lib/gcc/arm-none-eabi/7.2.1/../../../../arm-none-eabi/lib/thumb/v7e-m/fpv4-sp/hard/crt0.o
LOAD ./croutine.o
LOAD ./event_groups.o
LOAD ./freertos_demo.o
LOAD ./led_task.o
LOAD ./list.o
LOAD ./queue.o
LOAD ./switch_task.o
LOAD ./tasks.o
LOAD ./timers.o
LOAD ./tm4c123gh6pm_startup_ccs_gcc.o
LOAD ./uartstdio.o
LOAD ./drivers/buttons.o
LOAD ./drivers/rgb.o
LOAD ./portable/GCC/ARM_CM4F/port.o
LOAD ./portable/MemMang/heap_2.o
                0x00000000                PROVIDE (_intvecs_base_address, 0x0)

.intvecs        0x00000000      0x26c
 *(.intvecs)
 .intvecs       0x00000000      0x26c ./tm4c123gh6pm_startup_ccs_gcc.o
                0x00000000                g_pfnVectors
                0x20000000                PROVIDE (_vtable_base_address, 0x20000000)

.vtable
 *(.vtable)

.text           0x0000026c     0x2708
 CREATE_OBJECT_SYMBOLS
 *(.text)
 .text          0x0000026c       0x40 c:/ti/ccs1020/ccs/tools/compiler/gcc-arm-none-eabi-7-2017-q4-major-win32/bin/../lib/gcc/arm-none-eabi/7.2.1/thumb/v7e-m/fpv4-sp/hard/crtbegin.o
 .text          0x000002ac      0x134 c:/ti/ccs1020/ccs/tools/compiler/gcc-arm-none-eabi-7-2017-q4-major-win32/bin/../lib/gcc/arm-none-eabi/7.2.1/../../../../arm-none-eabi/lib/thumb/v7e-m/fpv4-sp/hard\libg.a(lib_a-memcpy.o)
                0x000002ac                memcpy
 *(.text.*)
 .text.vApplicationStackOverflowHook
                0x000003e0        0x2 ./freertos_demo.o
                0x000003e0                vApplicationStackOverflowHook
 *fill*         0x000003e2        0x2 
 .text.ConfigureUART
                0x000003e4       0x64 ./freertos_demo.o
                0x000003e4                ConfigureUART
 .text.startup.main
                0x00000448       0x48 ./freertos_demo.o
                0x00000448                main
 .text.LEDTask  0x00000490       0xdc ./led_task.o
 .text.LEDTaskInit
                0x0000056c       0x88 ./led_task.o
                0x0000056c                LEDTaskInit
 .text.vListInitialise
                0x000005f4       0x16 ./list.o
                0x000005f4                vListInitialise
 .text.vListInitialiseItem
                0x0000060a        0x6 ./list.o
                0x0000060a                vListInitialiseItem
 .text.vListInsertEnd
                0x00000610       0x18 ./list.o
                0x00000610                vListInsertEnd
 .text.vListInsert
                0x00000628       0x2e ./list.o
                0x00000628                vListInsert
 .text.uxListRemove
                0x00000656       0x20 ./list.o
                0x00000656                uxListRemove
 .text.prvCopyDataToQueue
                0x00000676       0x6c ./queue.o
 .text.prvCopyDataFromQueue
                0x000006e2       0x2a ./queue.o
 .text.prvUnlockQueue
                0x0000070c       0x6c ./queue.o
 .text.xQueueGenericReset
                0x00000778       0x80 ./queue.o
                0x00000778                xQueueGenericReset
 .text.xQueueGenericCreate
                0x000007f8       0x5c ./queue.o
                0x000007f8                xQueueGenericCreate
 .text.xQueueGenericSend
                0x00000854      0x168 ./queue.o
                0x00000854                xQueueGenericSend
 .text.xQueueCreateMutex
                0x000009bc       0x44 ./queue.o
                0x000009bc                xQueueCreateMutex
 .text.xQueueGenericSendFromISR
                0x00000a00       0xb8 ./queue.o
                0x00000a00                xQueueGenericSendFromISR
 .text.xQueueGenericReceive
                0x00000ab8      0x178 ./queue.o
                0x00000ab8                xQueueGenericReceive
 .text.vQueueWaitForMessageRestricted
                0x00000c30       0x3e ./queue.o
                0x00000c30                vQueueWaitForMessageRestricted
 *fill*         0x00000c6e        0x2 
 .text.SwitchTask
                0x00000c70       0xa8 ./switch_task.o
 .text.SwitchTaskInit
                0x00000d18       0x44 ./switch_task.o
                0x00000d18                SwitchTaskInit
 .text.prvGetExpectedIdleTime
                0x00000d5c       0x30 ./tasks.o
 .text.prvResetNextTaskUnblockTime
                0x00000d8c       0x24 ./tasks.o
 .text.prvAddCurrentTaskToDelayedList
                0x00000db0       0x50 ./tasks.o
 .text.xTaskGenericCreate.part.4
                0x00000e00      0x1dc ./tasks.o
 .text.xTaskGenericCreate
                0x00000fdc       0x36 ./tasks.o
                0x00000fdc                xTaskGenericCreate
 *fill*         0x00001012        0x2 
 .text.vTaskStartScheduler
                0x00001014       0x78 ./tasks.o
                0x00001014                vTaskStartScheduler
 .text.vTaskSuspendAll
                0x0000108c       0x10 ./tasks.o
                0x0000108c                vTaskSuspendAll
 .text.xTaskGetTickCount
                0x0000109c        0xc ./tasks.o
                0x0000109c                xTaskGetTickCount
 .text.vTaskStepTick
                0x000010a8       0x30 ./tasks.o
                0x000010a8                vTaskStepTick
 .text.xTaskIncrementTick
                0x000010d8      0x128 ./tasks.o
                0x000010d8                xTaskIncrementTick
 .text.xTaskResumeAll
                0x00001200       0xe8 ./tasks.o
                0x00001200                xTaskResumeAll
 .text.vTaskDelayUntil
                0x000012e8       0xb4 ./tasks.o
                0x000012e8                vTaskDelayUntil
 .text.prvIdleTask
                0x0000139c       0xb8 ./tasks.o
 .text.vTaskSwitchContext
                0x00001454       0xa4 ./tasks.o
                0x00001454                vTaskSwitchContext
 .text.vTaskPlaceOnEventList
                0x000014f8       0x70 ./tasks.o
                0x000014f8                vTaskPlaceOnEventList
 .text.vTaskPlaceOnEventListRestricted
                0x00001568       0x70 ./tasks.o
                0x00001568                vTaskPlaceOnEventListRestricted
 .text.xTaskRemoveFromEventList
                0x000015d8       0x88 ./tasks.o
                0x000015d8                xTaskRemoveFromEventList
 .text.vTaskSetTimeOutState
                0x00001660       0x2c ./tasks.o
                0x00001660                vTaskSetTimeOutState
 .text.xTaskCheckForTimeOut
                0x0000168c       0x74 ./tasks.o
                0x0000168c                xTaskCheckForTimeOut
 .text.vTaskMissedYield
                0x00001700        0xc ./tasks.o
                0x00001700                vTaskMissedYield
 .text.eTaskConfirmSleepModeStatus
                0x0000170c       0x34 ./tasks.o
                0x0000170c                eTaskConfirmSleepModeStatus
 .text.xTaskGetSchedulerState
                0x00001740       0x20 ./tasks.o
                0x00001740                xTaskGetSchedulerState
 .text.vTaskPriorityInherit
                0x00001760       0x90 ./tasks.o
                0x00001760                vTaskPriorityInherit
 .text.xTaskPriorityDisinherit
                0x000017f0       0xa0 ./tasks.o
                0x000017f0                xTaskPriorityDisinherit
 .text.pvTaskIncrementMutexHeldCount
                0x00001890       0x18 ./tasks.o
                0x00001890                pvTaskIncrementMutexHeldCount
 .text.prvInsertTimerInActiveList
                0x000018a8       0x3c ./timers.o
 .text.prvCheckForValidListAndQueue.part.1
                0x000018e4       0x12 ./timers.o
 *fill*         0x000018f6        0x2 
 .text.prvCheckForValidListAndQueue
                0x000018f8       0x54 ./timers.o
 .text.xTimerCreateTimerTask
                0x0000194c       0x48 ./timers.o
                0x0000194c                xTimerCreateTimerTask
 .text.xTimerGenericCommand
                0x00001994       0x4c ./timers.o
                0x00001994                xTimerGenericCommand
 .text.prvSwitchTimerLists
                0x000019e0       0x7c ./timers.o
 .text.prvTimerTask
                0x00001a5c      0x1cc ./timers.o
 .text.NmiSR    0x00001c28        0x2 ./tm4c123gh6pm_startup_ccs_gcc.o
 .text.FaultISR
                0x00001c2a        0x2 ./tm4c123gh6pm_startup_ccs_gcc.o
 .text.IntDefaultHandler
                0x00001c2c        0x2 ./tm4c123gh6pm_startup_ccs_gcc.o
 *fill*         0x00001c2e        0x2 
 .text.ResetISR
                0x00001c30       0x4c ./tm4c123gh6pm_startup_ccs_gcc.o
                0x00001c30                ResetISR
 .text.UARTStdioConfig
                0x00001c7c       0x64 ./uartstdio.o
                0x00001c7c                UARTStdioConfig
 .text.UARTwrite
                0x00001ce0       0x44 ./uartstdio.o
                0x00001ce0                UARTwrite
 .text.UARTvprintf
                0x00001d24      0x1a8 ./uartstdio.o
                0x00001d24                UARTvprintf
 .text.UARTprintf
                0x00001ecc       0x1a ./uartstdio.o
                0x00001ecc                UARTprintf
 *fill*         0x00001ee6        0x2 
 .text.ButtonsPoll
                0x00001ee8       0x80 ./drivers/buttons.o
                0x00001ee8                ButtonsPoll
 .text.ButtonsInit
                0x00001f68       0x6c ./drivers/buttons.o
                0x00001f68                ButtonsInit
 .text.RGBEnable
                0x00001fd4       0xc0 ./drivers/rgb.o
                0x00001fd4                RGBEnable
 .text.RGBInit  0x00002094      0x100 ./drivers/rgb.o
                0x00002094                RGBInit
 .text.RGBDisable
                0x00002194       0x64 ./drivers/rgb.o
                0x00002194                RGBDisable
 .text.RGBColorSet
                0x000021f8       0x8c ./drivers/rgb.o
                0x000021f8                RGBColorSet
 .text.RGBIntensitySet
                0x00002284       0x14 ./drivers/rgb.o
                0x00002284                RGBIntensitySet
 .text.prvTaskExitError
                0x00002298       0x30 ./portable/GCC/ARM_CM4F/port.o
 .text.prvPortStartFirstTask
                0x000022c8       0x20 ./portable/GCC/ARM_CM4F/port.o
 .text.vPortEnableVFP
                0x000022e8       0x14 ./portable/GCC/ARM_CM4F/port.o
 .text.pxPortInitialiseStack
                0x000022fc       0x24 ./portable/GCC/ARM_CM4F/port.o
                0x000022fc                pxPortInitialiseStack
 .text.vPortSVCHandler
                0x00002320       0x20 ./portable/GCC/ARM_CM4F/port.o
                0x00002320                vPortSVCHandler
 .text.vPortEnterCritical
                0x00002340       0x44 ./portable/GCC/ARM_CM4F/port.o
                0x00002340                vPortEnterCritical
 .text.vPortExitCritical
                0x00002384       0x28 ./portable/GCC/ARM_CM4F/port.o
                0x00002384                vPortExitCritical
 .text.xPortPendSVHandler
                0x000023ac       0x60 ./portable/GCC/ARM_CM4F/port.o
                0x000023ac                xPortPendSVHandler
 .text.xPortSysTickHandler
                0x0000240c       0x30 ./portable/GCC/ARM_CM4F/port.o
                0x0000240c                xPortSysTickHandler
 .text.vPortSuppressTicksAndSleep
                0x0000243c       0xfc ./portable/GCC/ARM_CM4F/port.o
                0x0000243c                vPortSuppressTicksAndSleep
 .text.vPortSetupTimerInterrupt
                0x00002538       0x38 ./portable/GCC/ARM_CM4F/port.o
                0x00002538                vPortSetupTimerInterrupt
 .text.xPortStartScheduler
                0x00002570       0xec ./portable/GCC/ARM_CM4F/port.o
                0x00002570                xPortStartScheduler
 .text.vPortValidateInterruptPriority
                0x0000265c       0x5c ./portable/GCC/ARM_CM4F/port.o
                0x0000265c                vPortValidateInterruptPriority
 .text.pvPortMalloc
                0x000026b8       0xb4 ./portable/MemMang/heap_2.o
                0x000026b8                pvPortMalloc
 .text.vPortFree
                0x0000276c       0x40 ./portable/MemMang/heap_2.o
                0x0000276c                vPortFree
 .text.UARTClockSourceSet
                0x000027ac        0x6 C:/ti/TivaWare_C_Series-2.2.0.295/driverlib/gcc/libdriver.a(uart.o)
                0x000027ac                UARTClockSourceSet
 *fill*         0x000027b2        0x2 
 .text.memset   0x000027b4       0x94 c:/ti/ccs1020/ccs/tools/compiler/gcc-arm-none-eabi-7-2017-q4-major-win32/bin/../lib/gcc/arm-none-eabi/7.2.1/../../../../arm-none-eabi/lib/thumb/v7e-m/fpv4-sp/hard\libg.a(lib_a-memset.o)
                0x000027b4                memset
 .text.startup.register_fini
                0x00002848       0x14 c:/ti/ccs1020/ccs/tools/compiler/gcc-arm-none-eabi-7-2017-q4-major-win32/bin/../lib/gcc/arm-none-eabi/7.2.1/../../../../arm-none-eabi/lib/thumb/v7e-m/fpv4-sp/hard\libg.a(lib_a-__call_atexit.o)
 .text.atexit   0x0000285c        0xc c:/ti/ccs1020/ccs/tools/compiler/gcc-arm-none-eabi-7-2017-q4-major-win32/bin/../lib/gcc/arm-none-eabi/7.2.1/../../../../arm-none-eabi/lib/thumb/v7e-m/fpv4-sp/hard\libg.a(lib_a-atexit.o)
                0x0000285c                atexit
 .text.__libc_fini_array
                0x00002868       0x34 c:/ti/ccs1020/ccs/tools/compiler/gcc-arm-none-eabi-7-2017-q4-major-win32/bin/../lib/gcc/arm-none-eabi/7.2.1/../../../../arm-none-eabi/lib/thumb/v7e-m/fpv4-sp/hard\libg.a(lib_a-fini.o)
                0x00002868                __libc_fini_array
 .text.__retarget_lock_acquire_recursive
                0x0000289c        0x4 c:/ti/ccs1020/ccs/tools/compiler/gcc-arm-none-eabi-7-2017-q4-major-win32/bin/../lib/gcc/arm-none-eabi/7.2.1/../../../../arm-none-eabi/lib/thumb/v7e-m/fpv4-sp/hard\libg.a(lib_a-lock.o)
                0x0000289c                __retarget_lock_acquire_recursive
 .text.__retarget_lock_release_recursive
                0x000028a0        0x4 c:/ti/ccs1020/ccs/tools/compiler/gcc-arm-none-eabi-7-2017-q4-major-win32/bin/../lib/gcc/arm-none-eabi/7.2.1/../../../../arm-none-eabi/lib/thumb/v7e-m/fpv4-sp/hard\libg.a(lib_a-lock.o)
                0x000028a0                __retarget_lock_release_recursive
 .text.__register_exitproc
                0x000028a4       0xc0 c:/ti/ccs1020/ccs/tools/compiler/gcc-arm-none-eabi-7-2017-q4-major-win32/bin/../lib/gcc/arm-none-eabi/7.2.1/../../../../arm-none-eabi/lib/thumb/v7e-m/fpv4-sp/hard\libg.a(lib_a-__atexit.o)
                0x000028a4                __register_exitproc
                0x00002964                . = ALIGN (0x4)
 *(.ctors)
                0x00002964                . = ALIGN (0x4)
 *(.dtors)
                0x00002964                . = ALIGN (0x4)
                0x00002964                __init_array_start = .
 *(.init_array*)
 .init_array    0x00002964        0x4 c:/ti/ccs1020/ccs/tools/compiler/gcc-arm-none-eabi-7-2017-q4-major-win32/bin/../lib/gcc/arm-none-eabi/7.2.1/thumb/v7e-m/fpv4-sp/hard/crtbegin.o
 .init_array.00000
                0x00002968        0x4 c:/ti/ccs1020/ccs/tools/compiler/gcc-arm-none-eabi-7-2017-q4-major-win32/bin/../lib/gcc/arm-none-eabi/7.2.1/../../../../arm-none-eabi/lib/thumb/v7e-m/fpv4-sp/hard\libg.a(lib_a-__call_atexit.o)
                0x0000296c                __init_array_end = .
 *(.init)
 .init          0x0000296c        0x4 c:/ti/ccs1020/ccs/tools/compiler/gcc-arm-none-eabi-7-2017-q4-major-win32/bin/../lib/gcc/arm-none-eabi/7.2.1/thumb/v7e-m/fpv4-sp/hard/crti.o
                0x0000296c                _init
 *(.fini*)
 .fini          0x00002970        0x4 c:/ti/ccs1020/ccs/tools/compiler/gcc-arm-none-eabi-7-2017-q4-major-win32/bin/../lib/gcc/arm-none-eabi/7.2.1/thumb/v7e-m/fpv4-sp/hard/crti.o
                0x00002970                _fini
                [!provide]                PROVIDE (__etext, .)
                [!provide]                PROVIDE (_etext, .)
                [!provide]                PROVIDE (etext, .)

.glue_7         0x00002974        0x0
 .glue_7        0x00002974        0x0 linker stubs

.glue_7t        0x00002974        0x0
 .glue_7t       0x00002974        0x0 linker stubs

.vfp11_veneer   0x00002974        0x0
 .vfp11_veneer  0x00002974        0x0 linker stubs

.v4_bx          0x00002974        0x0
 .v4_bx         0x00002974        0x0 linker stubs

.iplt           0x00002974        0x0
 .iplt          0x00002974        0x0 c:/ti/ccs1020/ccs/tools/compiler/gcc-arm-none-eabi-7-2017-q4-major-win32/bin/../lib/gcc/arm-none-eabi/7.2.1/thumb/v7e-m/fpv4-sp/hard/crtbegin.o

.rodata         0x00002974      0x11c
 *(.rodata)
 *(.rodata*)
 .rodata.main.str1.1
                0x00002974       0x2f ./freertos_demo.o
 .rodata.LEDTask.str1.1
                0x000029a3       0x22 ./led_task.o
                                 0x41 (size before relaxing)
 .rodata.LEDTaskInit.str1.1
                0x000029c5       0x24 ./led_task.o
 .rodata.SwitchTask.str1.1
                0x000029e9       0x5b ./switch_task.o
 .rodata.SwitchTaskInit.str1.1
                0x00002a44        0x7 ./switch_task.o
 .rodata.vTaskStartScheduler.str1.1
                0x00002a4b        0x5 ./tasks.o
 .rodata.xTimerCreateTimerTask.str1.1
                0x00002a50        0x8 ./timers.o
 .rodata.UARTvprintf.str1.1
                0x00002a58       0x19 ./uartstdio.o
 *fill*         0x00002a71        0x3 
 .rodata.g_ui32UARTBase
                0x00002a74        0xc ./uartstdio.o
 .rodata.g_ui32UARTPeriph
                0x00002a80        0xc ./uartstdio.o
 .rodata._global_impure_ptr
                0x00002a8c        0x4 c:/ti/ccs1020/ccs/tools/compiler/gcc-arm-none-eabi-7-2017-q4-major-win32/bin/../lib/gcc/arm-none-eabi/7.2.1/../../../../arm-none-eabi/lib/thumb/v7e-m/fpv4-sp/hard\libg.a(lib_a-impure.o)
                0x00002a8c                _global_impure_ptr

.eh_frame       0x00002a90        0x0
 .eh_frame      0x00002a90        0x0 c:/ti/ccs1020/ccs/tools/compiler/gcc-arm-none-eabi-7-2017-q4-major-win32/bin/../lib/gcc/arm-none-eabi/7.2.1/thumb/v7e-m/fpv4-sp/hard/crtbegin.o

.rel.dyn        0x00002a90        0x0
 .rel.iplt      0x00002a90        0x0 c:/ti/ccs1020/ccs/tools/compiler/gcc-arm-none-eabi-7-2017-q4-major-win32/bin/../lib/gcc/arm-none-eabi/7.2.1/thumb/v7e-m/fpv4-sp/hard/crtbegin.o

.data           0x20000000      0x43c load address 0x00002a90
                0x00002a90                __data_load__ = LOADADDR (.data)
                0x20000000                __data_start__ = .
 *(.data)
 *(.data*)
 .data.g_ui8ButtonStates
                0x20000000        0x1 ./drivers/buttons.o
 *fill*         0x20000001        0x3 
 .data.g_fIntensity
                0x20000004        0x4 ./drivers/rgb.o
 .data.uxCriticalNesting
                0x20000008        0x4 ./portable/GCC/ARM_CM4F/port.o
 .data.xFreeBytesRemaining
                0x2000000c        0x4 ./portable/MemMang/heap_2.o
 .data.impure_data
                0x20000010      0x428 c:/ti/ccs1020/ccs/tools/compiler/gcc-arm-none-eabi-7-2017-q4-major-win32/bin/../lib/gcc/arm-none-eabi/7.2.1/../../../../arm-none-eabi/lib/thumb/v7e-m/fpv4-sp/hard\libg.a(lib_a-impure.o)
 .data.__atexit_recursive_mutex
                0x20000438        0x4 c:/ti/ccs1020/ccs/tools/compiler/gcc-arm-none-eabi-7-2017-q4-major-win32/bin/../lib/gcc/arm-none-eabi/7.2.1/../../../../arm-none-eabi/lib/thumb/v7e-m/fpv4-sp/hard\libg.a(lib_a-__call_atexit.o)
                0x20000438                __atexit_recursive_mutex
                0x2000043c                . = ALIGN (0x4)
                0x2000043c                __data_end__ = .

.igot.plt       0x2000043c        0x0 load address 0x00002ecc
 .igot.plt      0x2000043c        0x0 c:/ti/ccs1020/ccs/tools/compiler/gcc-arm-none-eabi-7-2017-q4-major-win32/bin/../lib/gcc/arm-none-eabi/7.2.1/thumb/v7e-m/fpv4-sp/hard/crtbegin.o

.ARM.exidx      0x00002ecc        0x0
                0x00002ecc                __exidx_start = .
 *(.ARM.exidx* .gnu.linkonce.armexidx.*)
                0x00002ecc                __exidx_end = .

.ARM.extab
 *(.ARM.extab* .gnu.linkonce.armextab.*)

.bss            0x2000043c     0x2bcc
                0x2000043c                __bss_start__ = .
 *(.shbss)
 *(.bss)
 .bss           0x2000043c       0x1c c:/ti/ccs1020/ccs/tools/compiler/gcc-arm-none-eabi-7-2017-q4-major-win32/bin/../lib/gcc/arm-none-eabi/7.2.1/thumb/v7e-m/fpv4-sp/hard/crtbegin.o
 *(.bss.*)
 .bss.g_pui32Colors
                0x20000458        0xc ./led_task.o
 .bss.g_ui8ColorsIndx
                0x20000464        0x1 ./led_task.o
 *fill*         0x20000465        0x3 
 .bss.pxCurrentTCB
                0x20000468        0x4 ./tasks.o
                0x20000468                pxCurrentTCB
 .bss.pxDelayedTaskList
                0x2000046c        0x4 ./tasks.o
 .bss.pxOverflowDelayedTaskList
                0x20000470        0x4 ./tasks.o
 .bss.pxReadyTasksLists
                0x20000474       0x64 ./tasks.o
 .bss.uxCurrentNumberOfTasks
                0x200004d8        0x4 ./tasks.o
 .bss.uxPendedTicks
                0x200004dc        0x4 ./tasks.o
 .bss.uxSchedulerSuspended
                0x200004e0        0x4 ./tasks.o
 .bss.uxTaskNumber
                0x200004e4        0x4 ./tasks.o
 .bss.uxTasksDeleted
                0x200004e8        0x4 ./tasks.o
 .bss.uxTopReadyPriority
                0x200004ec        0x4 ./tasks.o
 .bss.xDelayedTaskList1
                0x200004f0       0x14 ./tasks.o
 .bss.xDelayedTaskList2
                0x20000504       0x14 ./tasks.o
 .bss.xNextTaskUnblockTime
                0x20000518        0x4 ./tasks.o
 .bss.xNumOfOverflows
                0x2000051c        0x4 ./tasks.o
 .bss.xPendingReadyList
                0x20000520       0x14 ./tasks.o
 .bss.xSchedulerRunning
                0x20000534        0x4 ./tasks.o
 .bss.xSuspendedTaskList
                0x20000538       0x14 ./tasks.o
 .bss.xTasksWaitingTermination
                0x2000054c       0x14 ./tasks.o
 .bss.xTickCount
                0x20000560        0x4 ./tasks.o
 .bss.xYieldPending
                0x20000564        0x4 ./tasks.o
 .bss.pxCurrentTimerList
                0x20000568        0x4 ./timers.o
 .bss.pxOverflowTimerList
                0x2000056c        0x4 ./timers.o
 .bss.xActiveTimerList1
                0x20000570       0x14 ./timers.o
 .bss.xActiveTimerList2
                0x20000584       0x14 ./timers.o
 .bss.xLastTime.6569
                0x20000598        0x4 ./timers.o
 .bss.xTimerQueue
                0x2000059c        0x4 ./timers.o
 .bss.pui32Stack
                0x200005a0      0x200 ./tm4c123gh6pm_startup_ccs_gcc.o
 .bss.g_ui32Base
                0x200007a0        0x4 ./uartstdio.o
 .bss.ui8SwitchClockA.5715
                0x200007a4        0x1 ./drivers/buttons.o
 .bss.ui8SwitchClockB.5716
                0x200007a5        0x1 ./drivers/buttons.o
 *fill*         0x200007a6        0x2 
 .bss.g_ui32Colors
                0x200007a8        0xc ./drivers/rgb.o
 .bss.ucMaxSysCallPriority
                0x200007b4        0x1 ./portable/GCC/ARM_CM4F/port.o
 *fill*         0x200007b5        0x3 
 .bss.ulMaxPRIGROUPValue
                0x200007b8        0x4 ./portable/GCC/ARM_CM4F/port.o
 .bss.ulStoppedTimerCompensation
                0x200007bc        0x4 ./portable/GCC/ARM_CM4F/port.o
 .bss.ulTimerCountsForOneTick
                0x200007c0        0x4 ./portable/GCC/ARM_CM4F/port.o
 .bss.xMaximumPossibleSuppressedTicks
                0x200007c4        0x4 ./portable/GCC/ARM_CM4F/port.o
 .bss.ucHeap    0x200007c8     0x2800 ./portable/MemMang/heap_2.o
 .bss.xEnd      0x20002fc8        0x8 ./portable/MemMang/heap_2.o
 .bss.xHeapHasBeenInitialised.6327
                0x20002fd0        0x4 ./portable/MemMang/heap_2.o
 .bss.xStart    0x20002fd4        0x8 ./portable/MemMang/heap_2.o
 *(COMMON)
 COMMON         0x20002fdc        0x4 ./freertos_demo.o
                0x20002fdc                g_pUARTSemaphore
 COMMON         0x20002fe0        0x4 ./led_task.o
                0x20002fe0                g_pLEDQueue
 COMMON         0x20002fe4       0x21 c:/ti/ccs1020/ccs/tools/compiler/gcc-arm-none-eabi-7-2017-q4-major-win32/bin/../lib/gcc/arm-none-eabi/7.2.1/../../../../arm-none-eabi/lib/thumb/v7e-m/fpv4-sp/hard\libg.a(lib_a-lock.o)
                0x20002fe4                __lock___atexit_recursive_mutex
                0x20002fe8                __lock___arc4random_mutex
                0x20002fec                __lock___env_recursive_mutex
                0x20002ff0                __lock___sinit_recursive_mutex
                0x20002ff4                __lock___malloc_recursive_mutex
                0x20002ff8                __lock___at_quick_exit_mutex
                0x20002ffc                __lock___dd_hash_mutex
                0x20003000                __lock___tz_mutex
                0x20003004                __lock___sfp_recursive_mutex
                0x20003008                . = ALIGN (0x4)
 *fill*         0x20003005        0x3 
                0x20003008                __bss_end__ = .

.heap           0x20003008        0x0
                0x20003008                __heap_start__ = .
                0x20003008                end = __heap_start__
                0x20003008                _end = end
                0x20003008                __end = end
 *(.heap)
                0x20003008                __heap_end__ = .
                0x20003008                __HeapLimit = __heap_end__

.stack          0x20003008        0x0
                0x20003008                _stack = .
                0x20003008                __stack = .
 *(.stack)
LOAD C:/ti/TivaWare_C_Series-2.2.0.295/driverlib/gcc/libdriver.a
START GROUP
LOAD c:/ti/ccs1020/ccs/tools/compiler/gcc-arm-none-eabi-7-2017-q4-major-win32/bin/../lib/gcc/arm-none-eabi/7.2.1/thumb/v7e-m/fpv4-sp/hard\libgcc.a
LOAD c:/ti/ccs1020/ccs/tools/compiler/gcc-arm-none-eabi-7-2017-q4-major-win32/bin/../lib/gcc/arm-none-eabi/7.2.1/../../../../arm-none-eabi/lib/thumb/v7e-m/fpv4-sp/hard\libg.a
LOAD c:/ti/ccs1020/ccs/tools/compiler/gcc-arm-none-eabi-7-2017-q4-major-win32/bin/../lib/gcc/arm-none-eabi/7.2.1/../../../../arm-none-eabi/lib/thumb/v7e-m/fpv4-sp/hard\libc.a
END GROUP
START GROUP
LOAD c:/ti/ccs1020/ccs/tools/compiler/gcc-arm-none-eabi-7-2017-q4-major-win32/bin/../lib/gcc/arm-none-eabi/7.2.1/thumb/v7e-m/fpv4-sp/hard\libgcc.a
LOAD c:/ti/ccs1020/ccs/tools/compiler/gcc-arm-none-eabi-7-2017-q4-major-win32/bin/../lib/gcc/arm-none-eabi/7.2.1/../../../../arm-none-eabi/lib/thumb/v7e-m/fpv4-sp/hard\libc.a
LOAD c:/ti/ccs1020/ccs/tools/compiler/gcc-arm-none-eabi-7-2017-q4-major-win32/bin/../lib/gcc/arm-none-eabi/7.2.1/../../../../arm-none-eabi/lib/thumb/v7e-m/fpv4-sp/hard\libnosys.a
END GROUP
LOAD c:/ti/ccs1020/ccs/tools/compiler/gcc-arm-none-eabi-7-2017-q4-major-win32/bin/../lib/gcc/arm-none-eabi/7.2.1/thumb/v7e-m/fpv4-sp/hard/crtend.o
LOAD c:/ti/ccs1020/ccs/tools/compiler/gcc-arm-none-eabi-7-2017-q4-major-win32/bin/../lib/gcc/arm-none-eabi/7.2.1/thumb/v7e-m/fpv4-sp/hard/crtn.o
OUTPUT(RTOS_test.out elf32-littlearm)

.ARM.attributes
                0x00000000       0x30
 .ARM.attributes
                0x00000000       0x22 c:/ti/ccs1020/ccs/tools/compiler/gcc-arm-none-eabi-7-2017-q4-major-win32/bin/../lib/gcc/arm-none-eabi/7.2.1/thumb/v7e-m/fpv4-sp/hard/crti.o
 .ARM.attributes
                0x00000022       0x34 c:/ti/ccs1020/ccs/tools/compiler/gcc-arm-none-eabi-7-2017-q4-major-win32/bin/../lib/gcc/arm-none-eabi/7.2.1/thumb/v7e-m/fpv4-sp/hard/crtbegin.o
 .ARM.attributes
                0x00000056       0x39 ./freertos_demo.o
 .ARM.attributes
                0x0000008f       0x39 ./led_task.o
 .ARM.attributes
                0x000000c8       0x39 ./list.o
 .ARM.attributes
                0x00000101       0x39 ./queue.o
 .ARM.attributes
                0x0000013a       0x39 ./switch_task.o
 .ARM.attributes
                0x00000173       0x39 ./tasks.o
 .ARM.attributes
                0x000001ac       0x39 ./timers.o
 .ARM.attributes
                0x000001e5       0x39 ./tm4c123gh6pm_startup_ccs_gcc.o
 .ARM.attributes
                0x0000021e       0x39 ./uartstdio.o
 .ARM.attributes
                0x00000257       0x39 ./drivers/buttons.o
 .ARM.attributes
                0x00000290       0x39 ./drivers/rgb.o
 .ARM.attributes
                0x000002c9       0x39 ./portable/GCC/ARM_CM4F/port.o
 .ARM.attributes
                0x00000302       0x39 ./portable/MemMang/heap_2.o
 .ARM.attributes
                0x0000033b       0x3b C:/ti/TivaWare_C_Series-2.2.0.295/driverlib/gcc/libdriver.a(uart.o)
 .ARM.attributes
                0x00000376       0x34 c:/ti/ccs1020/ccs/tools/compiler/gcc-arm-none-eabi-7-2017-q4-major-win32/bin/../lib/gcc/arm-none-eabi/7.2.1/../../../../arm-none-eabi/lib/thumb/v7e-m/fpv4-sp/hard\libg.a(lib_a-impure.o)
 .ARM.attributes
                0x000003aa       0x20 c:/ti/ccs1020/ccs/tools/compiler/gcc-arm-none-eabi-7-2017-q4-major-win32/bin/../lib/gcc/arm-none-eabi/7.2.1/../../../../arm-none-eabi/lib/thumb/v7e-m/fpv4-sp/hard\libg.a(lib_a-memcpy.o)
 .ARM.attributes
                0x000003ca       0x34 c:/ti/ccs1020/ccs/tools/compiler/gcc-arm-none-eabi-7-2017-q4-major-win32/bin/../lib/gcc/arm-none-eabi/7.2.1/../../../../arm-none-eabi/lib/thumb/v7e-m/fpv4-sp/hard\libg.a(lib_a-memset.o)
 .ARM.attributes
                0x000003fe       0x34 c:/ti/ccs1020/ccs/tools/compiler/gcc-arm-none-eabi-7-2017-q4-major-win32/bin/../lib/gcc/arm-none-eabi/7.2.1/../../../../arm-none-eabi/lib/thumb/v7e-m/fpv4-sp/hard\libg.a(lib_a-__call_atexit.o)
 .ARM.attributes
                0x00000432       0x34 c:/ti/ccs1020/ccs/tools/compiler/gcc-arm-none-eabi-7-2017-q4-major-win32/bin/../lib/gcc/arm-none-eabi/7.2.1/../../../../arm-none-eabi/lib/thumb/v7e-m/fpv4-sp/hard\libg.a(lib_a-atexit.o)
 .ARM.attributes
                0x00000466       0x34 c:/ti/ccs1020/ccs/tools/compiler/gcc-arm-none-eabi-7-2017-q4-major-win32/bin/../lib/gcc/arm-none-eabi/7.2.1/../../../../arm-none-eabi/lib/thumb/v7e-m/fpv4-sp/hard\libg.a(lib_a-fini.o)
 .ARM.attributes
                0x0000049a       0x34 c:/ti/ccs1020/ccs/tools/compiler/gcc-arm-none-eabi-7-2017-q4-major-win32/bin/../lib/gcc/arm-none-eabi/7.2.1/../../../../arm-none-eabi/lib/thumb/v7e-m/fpv4-sp/hard\libg.a(lib_a-lock.o)
 .ARM.attributes
                0x000004ce       0x34 c:/ti/ccs1020/ccs/tools/compiler/gcc-arm-none-eabi-7-2017-q4-major-win32/bin/../lib/gcc/arm-none-eabi/7.2.1/../../../../arm-none-eabi/lib/thumb/v7e-m/fpv4-sp/hard\libg.a(lib_a-__atexit.o)

.comment        0x00000000       0xee
 .comment       0x00000000       0x7e ./freertos_demo.o
                                 0x7f (size before relaxing)
 .comment       0x0000007e       0x7f ./led_task.o
 .comment       0x0000007e       0x7f ./list.o
 .comment       0x0000007e       0x7f ./queue.o
 .comment       0x0000007e       0x7f ./switch_task.o
 .comment       0x0000007e       0x7f ./tasks.o
 .comment       0x0000007e       0x7f ./timers.o
 .comment       0x0000007e       0x7f ./tm4c123gh6pm_startup_ccs_gcc.o
 .comment       0x0000007e       0x7f ./uartstdio.o
 .comment       0x0000007e       0x7f ./drivers/buttons.o
 .comment       0x0000007e       0x7f ./drivers/rgb.o
 .comment       0x0000007e       0x7f ./portable/GCC/ARM_CM4F/port.o
 .comment       0x0000007e       0x7f ./portable/MemMang/heap_2.o
 .comment       0x0000007e       0x70 C:/ti/TivaWare_C_Series-2.2.0.295/driverlib/gcc/libdriver.a(uart.o)
                                 0x71 (size before relaxing)

.debug_info     0x00000000     0x7d52
 .debug_info    0x00000000      0x143 ./freertos_demo.o
 .debug_info    0x00000143      0x194 ./led_task.o
 .debug_info    0x000002d7      0xad7 ./list.o
 .debug_info    0x00000dae     0x199c ./queue.o
 .debug_info    0x0000274a      0x178 ./switch_task.o
 .debug_info    0x000028c2     0x2561 ./tasks.o
 .debug_info    0x00004e23     0x1535 ./timers.o
 .debug_info    0x00006358      0x18c ./tm4c123gh6pm_startup_ccs_gcc.o
 .debug_info    0x000064e4      0x38d ./uartstdio.o
 .debug_info    0x00006871      0x152 ./drivers/buttons.o
 .debug_info    0x000069c3      0x262 ./drivers/rgb.o
 .debug_info    0x00006c25      0x5fd ./portable/GCC/ARM_CM4F/port.o
 .debug_info    0x00007222      0xb30 ./portable/MemMang/heap_2.o

.debug_abbrev   0x00000000     0x1768
 .debug_abbrev  0x00000000       0xaa ./freertos_demo.o
 .debug_abbrev  0x000000aa       0xc9 ./led_task.o
 .debug_abbrev  0x00000173      0x210 ./list.o
 .debug_abbrev  0x00000383      0x31b ./queue.o
 .debug_abbrev  0x0000069e       0xb5 ./switch_task.o
 .debug_abbrev  0x00000753      0x406 ./tasks.o
 .debug_abbrev  0x00000b59      0x377 ./timers.o
 .debug_abbrev  0x00000ed0       0xd7 ./tm4c123gh6pm_startup_ccs_gcc.o
 .debug_abbrev  0x00000fa7      0x14f ./uartstdio.o
 .debug_abbrev  0x000010f6       0x9b ./drivers/buttons.o
 .debug_abbrev  0x00001191      0x109 ./drivers/rgb.o
 .debug_abbrev  0x0000129a      0x217 ./portable/GCC/ARM_CM4F/port.o
 .debug_abbrev  0x000014b1      0x2b7 ./portable/MemMang/heap_2.o

.debug_aranges  0x00000000      0x560
 .debug_aranges
                0x00000000       0x30 ./freertos_demo.o
 .debug_aranges
                0x00000030       0x28 ./led_task.o
 .debug_aranges
                0x00000058       0x40 ./list.o
 .debug_aranges
                0x00000098       0xc8 ./queue.o
 .debug_aranges
                0x00000160       0x28 ./switch_task.o
 .debug_aranges
                0x00000188      0x188 ./tasks.o
 .debug_aranges
                0x00000310       0x88 ./timers.o
 .debug_aranges
                0x00000398       0x38 ./tm4c123gh6pm_startup_ccs_gcc.o
 .debug_aranges
                0x000003d0       0x48 ./uartstdio.o
 .debug_aranges
                0x00000418       0x28 ./drivers/buttons.o
 .debug_aranges
                0x00000440       0x60 ./drivers/rgb.o
 .debug_aranges
                0x000004a0       0x88 ./portable/GCC/ARM_CM4F/port.o
 .debug_aranges
                0x00000528       0x38 ./portable/MemMang/heap_2.o

.debug_ranges   0x00000000      0x680
 .debug_ranges  0x00000000       0x20 ./freertos_demo.o
 .debug_ranges  0x00000020       0x18 ./led_task.o
 .debug_ranges  0x00000038       0x30 ./list.o
 .debug_ranges  0x00000068       0xe8 ./queue.o
 .debug_ranges  0x00000150       0x18 ./switch_task.o
 .debug_ranges  0x00000168      0x278 ./tasks.o
 .debug_ranges  0x000003e0       0xf0 ./timers.o
 .debug_ranges  0x000004d0       0x28 ./tm4c123gh6pm_startup_ccs_gcc.o
 .debug_ranges  0x000004f8       0x38 ./uartstdio.o
 .debug_ranges  0x00000530       0x18 ./drivers/buttons.o
 .debug_ranges  0x00000548       0x50 ./drivers/rgb.o
 .debug_ranges  0x00000598       0x90 ./portable/GCC/ARM_CM4F/port.o
 .debug_ranges  0x00000628       0x58 ./portable/MemMang/heap_2.o

.debug_line     0x00000000     0x2ff1
 .debug_line    0x00000000      0x1ab ./freertos_demo.o
 .debug_line    0x000001ab      0x20a ./led_task.o
 .debug_line    0x000003b5      0x316 ./list.o
 .debug_line    0x000006cb      0x7cd ./queue.o
 .debug_line    0x00000e98      0x1ef ./switch_task.o
 .debug_line    0x00001087      0xb86 ./tasks.o
 .debug_line    0x00001c0d      0x502 ./timers.o
 .debug_line    0x0000210f      0x178 ./tm4c123gh6pm_startup_ccs_gcc.o
 .debug_line    0x00002287      0x314 ./uartstdio.o
 .debug_line    0x0000259b      0x185 ./drivers/buttons.o
 .debug_line    0x00002720      0x237 ./drivers/rgb.o
 .debug_line    0x00002957      0x3a6 ./portable/GCC/ARM_CM4F/port.o
 .debug_line    0x00002cfd      0x2f4 ./portable/MemMang/heap_2.o

.debug_str      0x00000000     0x235d
 .debug_str     0x00000000      0x21e ./freertos_demo.o
                                0x268 (size before relaxing)
 .debug_str     0x0000021e       0x90 ./led_task.o
                                0x2aa (size before relaxing)
 .debug_str     0x000002ae      0x4ee ./list.o
                                0x6f1 (size before relaxing)
 .debug_str     0x0000079c      0x491 ./queue.o
                                0xb4c (size before relaxing)
 .debug_str     0x00000c2d       0x78 ./switch_task.o
                                0x2b8 (size before relaxing)
 .debug_str     0x00000ca5      0xab7 ./tasks.o
                               0x1282 (size before relaxing)
 .debug_str     0x0000175c      0x46a ./timers.o
                                0xb8b (size before relaxing)
 .debug_str     0x00001bc6       0xbb ./tm4c123gh6pm_startup_ccs_gcc.o
                                0x26c (size before relaxing)
 .debug_str     0x00001c81      0x149 ./uartstdio.o
                                0x328 (size before relaxing)
 .debug_str     0x00001dca       0x89 ./drivers/buttons.o
                                0x25e (size before relaxing)
 .debug_str     0x00001e53       0xef ./drivers/rgb.o
                                0x2b4 (size before relaxing)
 .debug_str     0x00001f42      0x2d3 ./portable/GCC/ARM_CM4F/port.o
                                0x5a5 (size before relaxing)
 .debug_str     0x00002215      0x148 ./portable/MemMang/heap_2.o
                                0x73c (size before relaxing)

.debug_frame    0x00000000     0x1108
 .debug_frame   0x00000000       0x54 ./freertos_demo.o
 .debug_frame   0x00000054       0x50 ./led_task.o
 .debug_frame   0x000000a4       0x6c ./list.o
 .debug_frame   0x00000110      0x284 ./queue.o
 .debug_frame   0x00000394       0x48 ./switch_task.o
 .debug_frame   0x000003dc      0x530 ./tasks.o
 .debug_frame   0x0000090c      0x1ac ./timers.o
 .debug_frame   0x00000ab8       0x50 ./tm4c123gh6pm_startup_ccs_gcc.o
 .debug_frame   0x00000b08      0x100 ./uartstdio.o
 .debug_frame   0x00000c08       0x4c ./drivers/buttons.o
 .debug_frame   0x00000c54      0x150 ./drivers/rgb.o
 .debug_frame   0x00000da4      0x124 ./portable/GCC/ARM_CM4F/port.o
 .debug_frame   0x00000ec8       0x74 ./portable/MemMang/heap_2.o
 .debug_frame   0x00000f3c       0x38 c:/ti/ccs1020/ccs/tools/compiler/gcc-arm-none-eabi-7-2017-q4-major-win32/bin/../lib/gcc/arm-none-eabi/7.2.1/../../../../arm-none-eabi/lib/thumb/v7e-m/fpv4-sp/hard\libg.a(lib_a-memset.o)
 .debug_frame   0x00000f74       0x5c c:/ti/ccs1020/ccs/tools/compiler/gcc-arm-none-eabi-7-2017-q4-major-win32/bin/../lib/gcc/arm-none-eabi/7.2.1/../../../../arm-none-eabi/lib/thumb/v7e-m/fpv4-sp/hard\libg.a(lib_a-__call_atexit.o)
 .debug_frame   0x00000fd0       0x20 c:/ti/ccs1020/ccs/tools/compiler/gcc-arm-none-eabi-7-2017-q4-major-win32/bin/../lib/gcc/arm-none-eabi/7.2.1/../../../../arm-none-eabi/lib/thumb/v7e-m/fpv4-sp/hard\libg.a(lib_a-atexit.o)
 .debug_frame   0x00000ff0       0x34 c:/ti/ccs1020/ccs/tools/compiler/gcc-arm-none-eabi-7-2017-q4-major-win32/bin/../lib/gcc/arm-none-eabi/7.2.1/../../../../arm-none-eabi/lib/thumb/v7e-m/fpv4-sp/hard\libg.a(lib_a-fini.o)
 .debug_frame   0x00001024       0xb0 c:/ti/ccs1020/ccs/tools/compiler/gcc-arm-none-eabi-7-2017-q4-major-win32/bin/../lib/gcc/arm-none-eabi/7.2.1/../../../../arm-none-eabi/lib/thumb/v7e-m/fpv4-sp/hard\libg.a(lib_a-lock.o)
 .debug_frame   0x000010d4       0x34 c:/ti/ccs1020/ccs/tools/compiler/gcc-arm-none-eabi-7-2017-q4-major-win32/bin/../lib/gcc/arm-none-eabi/7.2.1/../../../../arm-none-eabi/lib/thumb/v7e-m/fpv4-sp/hard\libg.a(lib_a-__atexit.o)

.debug_loc      0x00000000     0x2448
 .debug_loc     0x00000000       0x26 ./led_task.o
 .debug_loc     0x00000026       0x86 ./list.o
 .debug_loc     0x000000ac      0x863 ./queue.o
 .debug_loc     0x0000090f       0x65 ./switch_task.o
 .debug_loc     0x00000974      0xde7 ./tasks.o
 .debug_loc     0x0000175b      0x53f ./timers.o
 .debug_loc     0x00001c9a       0x1e ./tm4c123gh6pm_startup_ccs_gcc.o
 .debug_loc     0x00001cb8      0x380 ./uartstdio.o
 .debug_loc     0x00002038       0x62 ./drivers/buttons.o
 .debug_loc     0x0000209a       0xbc ./drivers/rgb.o
 .debug_loc     0x00002156       0xf8 ./portable/GCC/ARM_CM4F/port.o
 .debug_loc     0x0000224e      0x1fa ./portable/MemMang/heap_2.o
