******************************************************************************
                  TI ARM Linker PC v20.2.2                     
******************************************************************************
>> Linked Tue Apr 13 16:58:31 2021

OUTPUT FILE NAME:   <YT.out>
ENTRY POINT SYMBOL: "_c_int00_noargs"  address: 00000f11


MEMORY CONFIGURATION

         name            origin    length      used     unused   attr    fill
----------------------  --------  ---------  --------  --------  ----  --------
  FLASH                 00000000   00040000  00001430  0003ebd0  R  X
  SRAM                  20000000   00008000  00000471  00007b8f  RW X


SEGMENT ALLOCATION MAP

run origin  load origin   length   init length attrs members
----------  ----------- ---------- ----------- ----- -------
00000000    00000000    00001430   00001430    r-x
  00000000    00000000    0000026c   0000026c    r-- .intvecs
  0000026c    0000026c    00000edc   00000edc    r-x .text
  00001148    00001148    000002b8   000002b8    r-- .const
  00001400    00001400    00000030   00000030    r-- .cinit
20000000    20000000    00000475   00000000    rw-
  20000000    20000000    0000026c   00000000    rw- .vtable
  20000270    20000270    00000200   00000000    rw- .stack
  20000470    20000470    00000005   00000000    rw- .data


SECTION ALLOCATION MAP

 output                                  attributes/
section   page    origin      length       input sections
--------  ----  ----------  ----------   ----------------
.intvecs   0    00000000    0000026c     
                  00000000    0000026c     tm4c123gh6pm_startup_ccs.obj (.intvecs)

.text      0    0000026c    00000edc     
                  0000026c    0000016c     driverlib.lib : gpio.obj (.text:GPIOPadConfigSet)
                  000003d8    00000140     ADC.obj (.text)
                  00000518    00000136     rtsv7M4_T_le_v4SPD16_eabi.lib : fd_div_t2.asm.obj (.text)
                  0000064e    00000002     --HOLE-- [fill = 0]
                  00000650    00000118     driverlib.lib : sysctl.obj (.text:SysCtlClockGet)
                  00000768    000000fc     rtsv7M4_T_le_v4SPD16_eabi.lib : fd_mul_t2.asm.obj (.text)
                  00000864    000000f4     driverlib.lib : sysctl.obj (.text:SysCtlClockSet)
                  00000958    000000cc     GPIO.obj (.text)
                  00000a24    0000009c     rtsv7M4_T_le_v4SPD16_eabi.lib : memcpy_t2.asm.obj (.text)
                  00000ac0    0000007a     driverlib.lib : adc.obj (.text:ADCSequenceStepConfigure)
                  00000b3a    0000006e     rtsv7M4_T_le_v4SPD16_eabi.lib : fd_tos_t2.asm.obj (.text)
                  00000ba8    00000068     driverlib.lib : interrupt.obj (.text:IntEnable)
                  00000c10    00000068     rtsv7M4_T_le_v4SPD16_eabi.lib : copy_decompress_lzss.c.obj (.text:decompress:lzss:__TI_decompress_lzss)
                  00000c78    00000060     driverlib.lib : timer.obj (.text:TimerConfigure)
                  00000cd8    0000005c     timer.obj (.text)
                  00000d34    00000050     driverlib.lib : adc.obj (.text:_ADCIntNumberGet)
                  00000d84    0000004e                   : adc.obj (.text:ADCSequenceConfigure)
                  00000dd2    00000002     --HOLE-- [fill = 0]
                  00000dd4    0000004c                   : timer.obj (.text:_TimerIntNumberGet)
                  00000e20    00000044                   : gpio.obj (.text:_GPIOIntNumberGet)
                  00000e64    00000044     rtsv7M4_T_le_v4SPD16_eabi.lib : autoinit.c.obj (.text:__TI_auto_init_nobinit_nopinit:__TI_auto_init_nobinit_nopinit)
                  00000ea8    00000034     driverlib.lib : interrupt.obj (.text:IntRegister)
                  00000edc    00000034                   : sysctl.obj (.text:SysCtlPeripheralEnable)
                  00000f10    00000034     rtsv7M4_T_le_v4SPD16_eabi.lib : boot_cortex_m.c.obj (.text:_c_int00_noargs:_c_int00_noargs)
                  00000f44    0000002c     driverlib.lib : gpio.obj (.text:GPIODirModeSet)
                  00000f70    00000024     main.obj (.text)
                  00000f94    00000020     rtsv7M4_T_le_v4SPD16_eabi.lib : u_tofd_t2.asm.obj (.text)
                  00000fb4    0000001e     driverlib.lib : adc.obj (.text:ADCSequenceDataGet)
                  00000fd2    0000001c     rtsv7M4_T_le_v4SPD16_eabi.lib : copy_zero_init.c.obj (.text:decompress:ZI:__TI_zero_init_nomemset:__TI_zero_init_nomemset)
                  00000fee    0000001a     driverlib.lib : gpio.obj (.text:GPIOPinTypeGPIOOutput)
                  00001008    00000018                   : adc.obj (.text:ADCIntRegister)
                  00001020    00000018                   : gpio.obj (.text:GPIOIntRegister)
                  00001038    00000018                   : timer.obj (.text:TimerIntRegister)
                  00001050    00000016                   : gpio.obj (.text:GPIOPinTypeADC)
                  00001066    00000016                   : gpio.obj (.text:GPIOPinTypeGPIOInput)
                  0000107c    00000012                   : timer.obj (.text:TimerLoadSet)
                  0000108e    00000010                   : adc.obj (.text:ADCIntEnable)
                  0000109e    00000010                   : interrupt.obj (.text:IntMasterEnable)
                  000010ae    0000000e                   : adc.obj (.text:ADCHardwareOversampleConfigure)
                  000010bc    0000000e                   : adc.obj (.text:ADCSequenceEnable)
                  000010ca    0000000e                   : gpio.obj (.text:GPIOIntStatus)
                  000010d8    0000000e                   : timer.obj (.text:TimerEnable)
                  000010e6    0000000e     rtsv7M4_T_le_v4SPD16_eabi.lib : copy_decompress_none.c.obj (.text:decompress:none:__TI_decompress_none)
                  000010f4    0000000c     driverlib.lib : cpu.obj (.text:CPUcpsie)
                  00001100    0000000c                   : gpio.obj (.text:GPIOIntEnable)
                  0000110c    0000000c     tm4c123gh6pm_startup_ccs.obj (.text)
                  00001118    0000000a     driverlib.lib : adc.obj (.text:ADCIntClear)
                  00001122    00000008                   : timer.obj (.text:TimerIntEnable)
                  0000112a    00000006                   : gpio.obj (.text:GPIOIntClear)
                  00001130    00000006                   : gpio.obj (.text:GPIOPinWrite)
                  00001136    00000006                   : sysctl.obj (.text:SysCtlDelay)
                  0000113c    00000004                   : timer.obj (.text:TimerIntClear)
                  00001140    00000004     rtsv7M4_T_le_v4SPD16_eabi.lib : pre_init.c.obj (.text:_system_pre_init)
                  00001144    00000004                                   : exit.c.obj (.text:abort:abort)

.const     0    00001148    000002b8     
                  00001148    000000d8     driverlib.lib : gpio.obj (.const:g_ppui32GPIOIntMapSnowflake)
                  00001220    000000c0                   : gpio.obj (.const:g_ppui32GPIOIntMapBlizzard)
                  000012e0    0000006c                   : sysctl.obj (.const:g_pui32Xtals)
                  0000134c    00000060                   : timer.obj (.const:g_ppui32TimerIntMap)
                  000013ac    00000040                   : timer.obj (.const:g_ppui32TimerIntMapSnowflake)
                  000013ec    00000014                   : interrupt.obj (.const:g_pui32EnRegs)

.cinit     0    00001400    00000030     
                  00001400    0000000c     (__TI_handler_table)
                  0000140c    00000008     (.cinit..data.load) [load image, compression = lzss]
                  00001414    00000004     --HOLE-- [fill = 0]
                  00001418    00000008     (.cinit..vtable.load) [load image, compression = zero_init]
                  00001420    00000010     (__TI_cinit_table)

.init_array 
*          0    00000000    00000000     UNINITIALIZED

.vtable    0    20000000    0000026c     UNINITIALIZED
                  20000000    0000026c     driverlib.lib : interrupt.obj (.vtable)

.data      0    20000470    00000005     UNINITIALIZED
                  20000470    00000005     GPIO.obj (.data)

.stack     0    20000270    00000200     UNINITIALIZED
                  20000270    00000004     rtsv7M4_T_le_v4SPD16_eabi.lib : boot_cortex_m.c.obj (.stack)
                  20000274    000001fc     --HOLE--

__llvm_prf_cnts 
*          0    20000000    00000000     UNINITIALIZED

MODULE SUMMARY

       Module                         code   ro data   rw data
       ------                         ----   -------   -------
    .\
       tm4c123gh6pm_startup_ccs.obj   12     620       0      
       main.obj                       36     0         0      
    +--+------------------------------+------+---------+---------+
       Total:                         48     620       0      
                                                              
    .\ADC\
       ADC.obj                        320    0         0      
    +--+------------------------------+------+---------+---------+
       Total:                         320    0         0      
                                                              
    .\GPIO\
       GPIO.obj                       204    0         5      
    +--+------------------------------+------+---------+---------+
       Total:                         204    0         5      
                                                              
    .\TIMER\
       timer.obj                      92     0         0      
    +--+------------------------------+------+---------+---------+
       Total:                         92     0         0      
                                                              
    C:/ti/TivaWare_C_Series-2.2.0.295/driverlib/ccs/Debug/driverlib.lib
       gpio.obj                       608    408       0      
       interrupt.obj                  172    20        620    
       sysctl.obj                     582    108       0      
       timer.obj                      240    160       0      
       adc.obj                        388    0         0      
       cpu.obj                        12     0         0      
    +--+------------------------------+------+---------+---------+
       Total:                         2002   696       620    
                                                              
    C:\ti\ccs1020\ccs\tools\compiler\ti-cgt-arm_20.2.2.LTS\lib\rtsv7M4_T_le_v4SPD16_eabi.lib
       fd_div_t2.asm.obj              310    0         0      
       fd_mul_t2.asm.obj              252    0         0      
       memcpy_t2.asm.obj              156    0         0      
       fd_tos_t2.asm.obj              110    0         0      
       copy_decompress_lzss.c.obj     104    0         0      
       autoinit.c.obj                 68     0         0      
       boot_cortex_m.c.obj            52     0         0      
       u_tofd_t2.asm.obj              32     0         0      
       copy_zero_init.c.obj           28     0         0      
       copy_decompress_none.c.obj     14     0         0      
       exit.c.obj                     4      0         0      
       pre_init.c.obj                 4      0         0      
    +--+------------------------------+------+---------+---------+
       Total:                         1134   0         0      
                                                              
       Stack:                         0      0         512    
       Linker Generated:              0      44        0      
    +--+------------------------------+------+---------+---------+
       Grand Total:                   3800   1360      1137   


LINKER GENERATED COPY TABLES

__TI_cinit_table @ 00001420 records: 2, size/record: 8, table size: 16
	.data: load addr=0000140c, load size=00000008 bytes, run addr=20000470, run size=00000005 bytes, compression=lzss
	.vtable: load addr=00001418, load size=00000008 bytes, run addr=20000000, run size=0000026c bytes, compression=zero_init


LINKER GENERATED HANDLER TABLE

__TI_handler_table @ 00001400 records: 3, size/record: 4, table size: 12
	index: 0, handler: __TI_zero_init
	index: 1, handler: __TI_decompress_lzss
	index: 2, handler: __TI_decompress_none


GLOBAL SYMBOLS: SORTED ALPHABETICALLY BY Name 

address   name                          
-------   ----                          
000010af  ADCHardwareOversampleConfigure
00001119  ADCIntClear                   
0000108f  ADCIntEnable                  
00001009  ADCIntRegister                
00000d85  ADCSequenceConfigure          
00000fb5  ADCSequenceDataGet            
000010bd  ADCSequenceEnable             
00000ac1  ADCSequenceStepConfigure      
00000987  Blink_LED                     
00001145  C$$EXIT                       
000010f5  CPUcpsie                      
000003d9  Config_ADC                    
00000465  Config_ADC_HardwareAverage    
00000959  Config_LED                    
000009ad  Config_SW                     
00000cd9  Config_Timer                  
00000f45  GPIODirModeSet                
0000112b  GPIOIntClear                  
00001101  GPIOIntEnable                 
00001021  GPIOIntRegister               
000010cb  GPIOIntStatus                 
0000026d  GPIOPadConfigSet              
00001051  GPIOPinTypeADC                
00001067  GPIOPinTypeGPIOInput          
00000fef  GPIOPinTypeGPIOOutput         
00001131  GPIOPinWrite                  
00000ba9  IntEnable                     
0000109f  IntMasterEnable               
00000ea9  IntRegister                   
0000110d  ResetISR                      
00000651  SysCtlClockGet                
00000865  SysCtlClockSet                
00001137  SysCtlDelay                   
00000edd  SysCtlPeripheralEnable        
00000c79  TimerConfigure                
000010d9  TimerEnable                   
0000113d  TimerIntClear                 
00001123  TimerIntEnable                
00001039  TimerIntRegister              
0000107d  TimerLoadSet                  
20000470  __STACK_END                   
00000200  __STACK_SIZE                  
20000470  __STACK_TOP                   
00001420  __TI_CINIT_Base               
00001430  __TI_CINIT_Limit              
00001400  __TI_Handler_Table_Base       
0000140c  __TI_Handler_Table_Limit      
00000e65  __TI_auto_init_nobinit_nopinit
00000c11  __TI_decompress_lzss          
000010e7  __TI_decompress_none          
ffffffff  __TI_pprof_out_hndl           
ffffffff  __TI_prof_data_size           
ffffffff  __TI_prof_data_start          
00000000  __TI_static_base__            
00000fd3  __TI_zero_init_nomemset       
00000b3b  __aeabi_d2f                   
00000519  __aeabi_ddiv                  
00000769  __aeabi_dmul                  
00000a25  __aeabi_memcpy                
00000a25  __aeabi_memcpy4               
00000a25  __aeabi_memcpy8               
00000f95  __aeabi_ui2d                  
ffffffff  __binit__                     
ffffffff  __c_args__                    
UNDEFED   __mpu_init                    
20000270  __stack                       
20000000  __start___llvm_prf_cnts       
20000000  __stop___llvm_prf_cnts        
00000f11  _c_int00_noargs               
UNDEFED   _system_post_cinit            
00001141  _system_pre_init              
00001145  abort                         
ffffffff  binit                         
20000000  g_pfnRAMVectors               
00000000  g_pfnVectors                  
00000f71  main                          
00000a25  memcpy                        


GLOBAL SYMBOLS: SORTED BY Symbol Address 

address   name                          
-------   ----                          
00000000  __TI_static_base__            
00000000  g_pfnVectors                  
00000200  __STACK_SIZE                  
0000026d  GPIOPadConfigSet              
000003d9  Config_ADC                    
00000465  Config_ADC_HardwareAverage    
00000519  __aeabi_ddiv                  
00000651  SysCtlClockGet                
00000769  __aeabi_dmul                  
00000865  SysCtlClockSet                
00000959  Config_LED                    
00000987  Blink_LED                     
000009ad  Config_SW                     
00000a25  __aeabi_memcpy                
00000a25  __aeabi_memcpy4               
00000a25  __aeabi_memcpy8               
00000a25  memcpy                        
00000ac1  ADCSequenceStepConfigure      
00000b3b  __aeabi_d2f                   
00000ba9  IntEnable                     
00000c11  __TI_decompress_lzss          
00000c79  TimerConfigure                
00000cd9  Config_Timer                  
00000d85  ADCSequenceConfigure          
00000e65  __TI_auto_init_nobinit_nopinit
00000ea9  IntRegister                   
00000edd  SysCtlPeripheralEnable        
00000f11  _c_int00_noargs               
00000f45  GPIODirModeSet                
00000f71  main                          
00000f95  __aeabi_ui2d                  
00000fb5  ADCSequenceDataGet            
00000fd3  __TI_zero_init_nomemset       
00000fef  GPIOPinTypeGPIOOutput         
00001009  ADCIntRegister                
00001021  GPIOIntRegister               
00001039  TimerIntRegister              
00001051  GPIOPinTypeADC                
00001067  GPIOPinTypeGPIOInput          
0000107d  TimerLoadSet                  
0000108f  ADCIntEnable                  
0000109f  IntMasterEnable               
000010af  ADCHardwareOversampleConfigure
000010bd  ADCSequenceEnable             
000010cb  GPIOIntStatus                 
000010d9  TimerEnable                   
000010e7  __TI_decompress_none          
000010f5  CPUcpsie                      
00001101  GPIOIntEnable                 
0000110d  ResetISR                      
00001119  ADCIntClear                   
00001123  TimerIntEnable                
0000112b  GPIOIntClear                  
00001131  GPIOPinWrite                  
00001137  SysCtlDelay                   
0000113d  TimerIntClear                 
00001141  _system_pre_init              
00001145  C$$EXIT                       
00001145  abort                         
00001400  __TI_Handler_Table_Base       
0000140c  __TI_Handler_Table_Limit      
00001420  __TI_CINIT_Base               
00001430  __TI_CINIT_Limit              
20000000  __start___llvm_prf_cnts       
20000000  __stop___llvm_prf_cnts        
20000000  g_pfnRAMVectors               
20000270  __stack                       
20000470  __STACK_END                   
20000470  __STACK_TOP                   
ffffffff  __TI_pprof_out_hndl           
ffffffff  __TI_prof_data_size           
ffffffff  __TI_prof_data_start          
ffffffff  __binit__                     
ffffffff  __c_args__                    
ffffffff  binit                         
UNDEFED   __mpu_init                    
UNDEFED   _system_post_cinit            

[77 symbols]
